<?xml version="1.0"?>
<link_info>
   <banner>TMS320C2000 Linker PC v6.2.0</banner>
   <copyright>Copyright (c) 1996-2013 Texas Instruments Incorporated</copyright>
   <link_time>0x550b221d</link_time>
   <link_errors>0x0</link_errors>
   <output_file>Example_F2802xLEDBlink.out</output_file>
   <entry_point>
      <name>code_start</name>
      <address>0x0</address>
   </entry_point>
   <input_file_list>
      <input_file id="fl-2">
         <path>.\</path>
         <kind>object</kind>
         <file>test.obj</file>
         <name>test.obj</name>
      </input_file>
      <input_file id="fl-3">
         <path>.\</path>
         <kind>object</kind>
         <file>Example_2802xLEDBlink.obj</file>
         <name>Example_2802xLEDBlink.obj</name>
      </input_file>
      <input_file id="fl-a">
         <path>C:\ti\controlSUITE\development_kits\C2000_LaunchPad\f2802x_common\lib\</path>
         <kind>archive</kind>
         <file>driverlib.lib</file>
         <name>wdog.obj</name>
      </input_file>
      <input_file id="fl-b">
         <path>C:\ti\controlSUITE\development_kits\C2000_LaunchPad\f2802x_common\lib\</path>
         <kind>archive</kind>
         <file>driverlib.lib</file>
         <name>timer.obj</name>
      </input_file>
      <input_file id="fl-c">
         <path>C:\ti\controlSUITE\development_kits\C2000_LaunchPad\f2802x_common\lib\</path>
         <kind>archive</kind>
         <file>driverlib.lib</file>
         <name>pll.obj</name>
      </input_file>
      <input_file id="fl-d">
         <path>C:\ti\controlSUITE\development_kits\C2000_LaunchPad\f2802x_common\lib\</path>
         <kind>archive</kind>
         <file>driverlib.lib</file>
         <name>pie.obj</name>
      </input_file>
      <input_file id="fl-e">
         <path>C:\ti\controlSUITE\development_kits\C2000_LaunchPad\f2802x_common\lib\</path>
         <kind>archive</kind>
         <file>driverlib.lib</file>
         <name>gpio.obj</name>
      </input_file>
      <input_file id="fl-f">
         <path>C:\ti\controlSUITE\development_kits\C2000_LaunchPad\f2802x_common\lib\</path>
         <kind>archive</kind>
         <file>driverlib.lib</file>
         <name>flash.obj</name>
      </input_file>
      <input_file id="fl-10">
         <path>C:\ti\controlSUITE\development_kits\C2000_LaunchPad\f2802x_common\lib\</path>
         <kind>archive</kind>
         <file>driverlib.lib</file>
         <name>cpu.obj</name>
      </input_file>
      <input_file id="fl-11">
         <path>C:\ti\controlSUITE\development_kits\C2000_LaunchPad\f2802x_common\lib\</path>
         <kind>archive</kind>
         <file>driverlib.lib</file>
         <name>clk.obj</name>
      </input_file>
      <input_file id="fl-12">
         <path>C:\ti\controlSUITE\development_kits\C2000_LaunchPad\f2802x_common\lib\</path>
         <kind>archive</kind>
         <file>driverlib.lib</file>
         <name>adc.obj</name>
      </input_file>
      <input_file id="fl-13">
         <path>C:\ti\controlSUITE\development_kits\C2000_LaunchPad\f2802x_common\lib\</path>
         <kind>archive</kind>
         <file>driverlib.lib</file>
         <name>F2802x_asmfuncs.obj</name>
      </input_file>
      <input_file id="fl-14">
         <path>C:\ti\controlSUITE\development_kits\C2000_LaunchPad\f2802x_common\lib\</path>
         <kind>archive</kind>
         <file>driverlib.lib</file>
         <name>F2802x_DefaultIsr.obj</name>
      </input_file>
      <input_file id="fl-15">
         <path>C:\ti\ccsv5\tools\compiler\c2000_6.2.0\lib\</path>
         <kind>archive</kind>
         <file>rts2800_ml.lib</file>
         <name>boot.obj</name>
      </input_file>
      <input_file id="fl-16">
         <path>C:\ti\ccsv5\tools\compiler\c2000_6.2.0\lib\</path>
         <kind>archive</kind>
         <file>rts2800_ml.lib</file>
         <name>exit.obj</name>
      </input_file>
      <input_file id="fl-17">
         <path>C:\ti\ccsv5\tools\compiler\c2000_6.2.0\lib\</path>
         <kind>archive</kind>
         <file>rts2800_ml.lib</file>
         <name>_lock.obj</name>
      </input_file>
      <input_file id="fl-18">
         <path>C:\ti\ccsv5\tools\compiler\c2000_6.2.0\lib\</path>
         <kind>archive</kind>
         <file>rts2800_ml.lib</file>
         <name>args_main.obj</name>
      </input_file>
   </input_file_list>
   <object_component_list>
      <object_component id="oc-32">
         <name>codestart</name>
         <load_address>0x0</load_address>
         <run_address>0x0</run_address>
         <size>0x2</size>
         <input_file_ref idref="fl-13"/>
      </object_component>
      <object_component id="oc-65">
         <name>ramfuncs</name>
         <load_address>0x825a</load_address>
         <run_address>0x825a</run_address>
         <size>0x4</size>
         <input_file_ref idref="fl-13"/>
      </object_component>
      <object_component id="oc-33">
         <name>ramfuncs</name>
         <load_address>0x825e</load_address>
         <run_address>0x825e</run_address>
         <size>0x4</size>
         <input_file_ref idref="fl-2"/>
      </object_component>
      <object_component id="oc-37">
         <name>.text</name>
         <load_address>0x50</load_address>
         <run_address>0x50</run_address>
         <size>0x1eb</size>
         <input_file_ref idref="fl-3"/>
      </object_component>
      <object_component id="oc-a3">
         <name>.text:_GPIO_setMode</name>
         <load_address>0x23b</load_address>
         <run_address>0x23b</run_address>
         <size>0x49</size>
         <input_file_ref idref="fl-e"/>
      </object_component>
      <object_component id="oc-6f">
         <name>.text</name>
         <load_address>0x284</load_address>
         <run_address>0x284</run_address>
         <size>0x44</size>
         <input_file_ref idref="fl-15"/>
      </object_component>
      <object_component id="oc-3b">
         <name>.text:retain</name>
         <load_address>0x2c8</load_address>
         <run_address>0x2c8</run_address>
         <size>0x43</size>
         <input_file_ref idref="fl-3"/>
      </object_component>
      <object_component id="oc-a4">
         <name>.text:_GPIO_setDirection</name>
         <load_address>0x30b</load_address>
         <run_address>0x30b</run_address>
         <size>0x34</size>
         <input_file_ref idref="fl-e"/>
      </object_component>
      <object_component id="oc-b2">
         <name>.text:_ADC_setIntSrc</name>
         <load_address>0x33f</load_address>
         <run_address>0x33f</run_address>
         <size>0x24</size>
         <input_file_ref idref="fl-12"/>
      </object_component>
      <object_component id="oc-b0">
         <name>.text:_ADC_setSocChanNumber</name>
         <load_address>0x363</load_address>
         <run_address>0x363</run_address>
         <size>0x1c</size>
         <input_file_ref idref="fl-12"/>
      </object_component>
      <object_component id="oc-b1">
         <name>.text:_ADC_setSocSampleWindow</name>
         <load_address>0x37f</load_address>
         <run_address>0x37f</run_address>
         <size>0x1c</size>
         <input_file_ref idref="fl-12"/>
      </object_component>
      <object_component id="oc-83">
         <name>.text</name>
         <load_address>0x39b</load_address>
         <run_address>0x39b</run_address>
         <size>0x19</size>
         <input_file_ref idref="fl-18"/>
      </object_component>
      <object_component id="oc-75">
         <name>.text</name>
         <load_address>0x3b4</load_address>
         <run_address>0x3b4</run_address>
         <size>0x19</size>
         <input_file_ref idref="fl-16"/>
      </object_component>
      <object_component id="oc-b3">
         <name>.text:_ADC_enableInt</name>
         <load_address>0x3cd</load_address>
         <run_address>0x3cd</run_address>
         <size>0x18</size>
         <input_file_ref idref="fl-12"/>
      </object_component>
      <object_component id="oc-94">
         <name>.text:_PLL_setup</name>
         <load_address>0x3e5</load_address>
         <run_address>0x3e5</run_address>
         <size>0x15</size>
         <input_file_ref idref="fl-c"/>
      </object_component>
      <object_component id="oc-b6">
         <name>.text:_PLL_setMultiplier</name>
         <load_address>0x3fa</load_address>
         <run_address>0x3fa</run_address>
         <size>0x6</size>
         <input_file_ref idref="fl-c"/>
      </object_component>
      <object_component id="oc-a5">
         <name>.text:_GPIO_setHigh</name>
         <load_address>0x8000</load_address>
         <run_address>0x8000</run_address>
         <size>0x13</size>
         <input_file_ref idref="fl-e"/>
      </object_component>
      <object_component id="oc-a6">
         <name>.text:_GPIO_setLow</name>
         <load_address>0x8013</load_address>
         <run_address>0x8013</run_address>
         <size>0x13</size>
         <input_file_ref idref="fl-e"/>
      </object_component>
      <object_component id="oc-9e">
         <name>.text:_TIMER_setPreScaler</name>
         <load_address>0x8026</load_address>
         <run_address>0x8026</run_address>
         <size>0x13</size>
         <input_file_ref idref="fl-b"/>
      </object_component>
      <object_component id="oc-af">
         <name>.text:_ADC_setVoltRefSrc</name>
         <load_address>0x8039</load_address>
         <run_address>0x8039</run_address>
         <size>0x12</size>
         <input_file_ref idref="fl-12"/>
      </object_component>
      <object_component id="oc-64">
         <name>.text</name>
         <load_address>0x804b</load_address>
         <run_address>0x804b</run_address>
         <size>0x12</size>
         <input_file_ref idref="fl-13"/>
      </object_component>
      <object_component id="oc-99">
         <name>.text:_PIE_setDebugIntVectorTable</name>
         <load_address>0x805d</load_address>
         <run_address>0x805d</run_address>
         <size>0x11</size>
         <input_file_ref idref="fl-d"/>
      </object_component>
      <object_component id="oc-96">
         <name>.text:_PIE_disableAllInts</name>
         <load_address>0x806e</load_address>
         <run_address>0x806e</run_address>
         <size>0xf</size>
         <input_file_ref idref="fl-d"/>
      </object_component>
      <object_component id="oc-9b">
         <name>.text:_PIE_registerPieIntHandler</name>
         <load_address>0x807d</load_address>
         <run_address>0x807d</run_address>
         <size>0xf</size>
         <input_file_ref idref="fl-d"/>
      </object_component>
      <object_component id="oc-ae">
         <name>.text:_ADC_enable</name>
         <load_address>0x808c</load_address>
         <run_address>0x808c</run_address>
         <size>0xb</size>
         <input_file_ref idref="fl-12"/>
      </object_component>
      <object_component id="oc-ab">
         <name>.text:_ADC_enableBandGap</name>
         <load_address>0x8097</load_address>
         <run_address>0x8097</run_address>
         <size>0xb</size>
         <input_file_ref idref="fl-12"/>
      </object_component>
      <object_component id="oc-ac">
         <name>.text:_ADC_enableRefBuffers</name>
         <load_address>0x80a2</load_address>
         <run_address>0x80a2</run_address>
         <size>0xb</size>
         <input_file_ref idref="fl-12"/>
      </object_component>
      <object_component id="oc-ad">
         <name>.text:_ADC_powerUp</name>
         <load_address>0x80ad</load_address>
         <run_address>0x80ad</run_address>
         <size>0xb</size>
         <input_file_ref idref="fl-12"/>
      </object_component>
      <object_component id="oc-7c">
         <name>.text</name>
         <load_address>0x80b8</load_address>
         <run_address>0x80b8</run_address>
         <size>0x9</size>
         <input_file_ref idref="fl-17"/>
      </object_component>
      <object_component id="oc-88">
         <name>.text:_ADC_init</name>
         <load_address>0x80c1</load_address>
         <run_address>0x80c1</run_address>
         <size>0x8</size>
         <input_file_ref idref="fl-12"/>
      </object_component>
      <object_component id="oc-8d">
         <name>.text:_PIE_init</name>
         <load_address>0x80c9</load_address>
         <run_address>0x80c9</run_address>
         <size>0x8</size>
         <input_file_ref idref="fl-d"/>
      </object_component>
      <object_component id="oc-91">
         <name>.text:_WDOG_disable</name>
         <load_address>0x80d1</load_address>
         <run_address>0x80d1</run_address>
         <size>0x8</size>
         <input_file_ref idref="fl-a"/>
      </object_component>
      <object_component id="oc-92">
         <name>.text:_CLK_enableAdcClock</name>
         <load_address>0x80d9</load_address>
         <run_address>0x80d9</run_address>
         <size>0x7</size>
         <input_file_ref idref="fl-11"/>
      </object_component>
      <object_component id="oc-89">
         <name>.text:_CLK_init</name>
         <load_address>0x80e0</load_address>
         <run_address>0x80e0</run_address>
         <size>0x7</size>
         <input_file_ref idref="fl-11"/>
      </object_component>
      <object_component id="oc-93">
         <name>.text:_CLK_setOscSrc</name>
         <load_address>0x80e7</load_address>
         <run_address>0x80e7</run_address>
         <size>0x7</size>
         <input_file_ref idref="fl-11"/>
      </object_component>
      <object_component id="oc-8b">
         <name>.text:_FLASH_init</name>
         <load_address>0x80ee</load_address>
         <run_address>0x80ee</run_address>
         <size>0x7</size>
         <input_file_ref idref="fl-f"/>
      </object_component>
      <object_component id="oc-8c">
         <name>.text:_GPIO_init</name>
         <load_address>0x80f5</load_address>
         <run_address>0x80f5</run_address>
         <size>0x7</size>
         <input_file_ref idref="fl-e"/>
      </object_component>
      <object_component id="oc-8e">
         <name>.text:_PLL_init</name>
         <load_address>0x80fc</load_address>
         <run_address>0x80fc</run_address>
         <size>0x7</size>
         <input_file_ref idref="fl-c"/>
      </object_component>
      <object_component id="oc-b5">
         <name>.text:_PLL_setDivider</name>
         <load_address>0x8103</load_address>
         <run_address>0x8103</run_address>
         <size>0x7</size>
         <input_file_ref idref="fl-c"/>
      </object_component>
      <object_component id="oc-8f">
         <name>.text:_TIMER_init</name>
         <load_address>0x810a</load_address>
         <run_address>0x810a</run_address>
         <size>0x7</size>
         <input_file_ref idref="fl-b"/>
      </object_component>
      <object_component id="oc-a0">
         <name>.text:_TIMER_setEmulationMode</name>
         <load_address>0x8111</load_address>
         <run_address>0x8111</run_address>
         <size>0x7</size>
         <input_file_ref idref="fl-b"/>
      </object_component>
      <object_component id="oc-90">
         <name>.text:_WDOG_init</name>
         <load_address>0x8118</load_address>
         <run_address>0x8118</run_address>
         <size>0x7</size>
         <input_file_ref idref="fl-a"/>
      </object_component>
      <object_component id="oc-cd">
         <name>.text:_ADCINT1_ISR</name>
         <load_address>0x811f</load_address>
         <run_address>0x811f</run_address>
         <size>0x5</size>
         <input_file_ref idref="fl-14"/>
      </object_component>
      <object_component id="oc-ce">
         <name>.text:_ADCINT2_ISR</name>
         <load_address>0x8124</load_address>
         <run_address>0x8124</run_address>
         <size>0x5</size>
         <input_file_ref idref="fl-14"/>
      </object_component>
      <object_component id="oc-e2">
         <name>.text:_ADCINT3_ISR</name>
         <load_address>0x8129</load_address>
         <run_address>0x8129</run_address>
         <size>0x5</size>
         <input_file_ref idref="fl-14"/>
      </object_component>
      <object_component id="oc-e3">
         <name>.text:_ADCINT4_ISR</name>
         <load_address>0x812e</load_address>
         <run_address>0x812e</run_address>
         <size>0x5</size>
         <input_file_ref idref="fl-14"/>
      </object_component>
      <object_component id="oc-e4">
         <name>.text:_ADCINT5_ISR</name>
         <load_address>0x8133</load_address>
         <run_address>0x8133</run_address>
         <size>0x5</size>
         <input_file_ref idref="fl-14"/>
      </object_component>
      <object_component id="oc-e5">
         <name>.text:_ADCINT6_ISR</name>
         <load_address>0x8138</load_address>
         <run_address>0x8138</run_address>
         <size>0x5</size>
         <input_file_ref idref="fl-14"/>
      </object_component>
      <object_component id="oc-e6">
         <name>.text:_ADCINT7_ISR</name>
         <load_address>0x813d</load_address>
         <run_address>0x813d</run_address>
         <size>0x5</size>
         <input_file_ref idref="fl-14"/>
      </object_component>
      <object_component id="oc-e7">
         <name>.text:_ADCINT8_ISR</name>
         <load_address>0x8142</load_address>
         <run_address>0x8142</run_address>
         <size>0x5</size>
         <input_file_ref idref="fl-14"/>
      </object_component>
      <object_component id="oc-d2">
         <name>.text:_ADCINT9_ISR</name>
         <load_address>0x8147</load_address>
         <run_address>0x8147</run_address>
         <size>0x5</size>
         <input_file_ref idref="fl-14"/>
      </object_component>
      <object_component id="oc-bc">
         <name>.text:_DATALOG_ISR</name>
         <load_address>0x814c</load_address>
         <run_address>0x814c</run_address>
         <size>0x5</size>
         <input_file_ref idref="fl-14"/>
      </object_component>
      <object_component id="oc-db">
         <name>.text:_ECAP1_INT_ISR</name>
         <load_address>0x8151</load_address>
         <run_address>0x8151</run_address>
         <size>0x5</size>
         <input_file_ref idref="fl-14"/>
      </object_component>
      <object_component id="oc-be">
         <name>.text:_EMUINT_ISR</name>
         <load_address>0x8156</load_address>
         <run_address>0x8156</run_address>
         <size>0x5</size>
         <input_file_ref idref="fl-14"/>
      </object_component>
      <object_component id="oc-d8">
         <name>.text:_EPWM1_INT_ISR</name>
         <load_address>0x815b</load_address>
         <run_address>0x815b</run_address>
         <size>0x5</size>
         <input_file_ref idref="fl-14"/>
      </object_component>
      <object_component id="oc-d5">
         <name>.text:_EPWM1_TZINT_ISR</name>
         <load_address>0x8160</load_address>
         <run_address>0x8160</run_address>
         <size>0x5</size>
         <input_file_ref idref="fl-14"/>
      </object_component>
      <object_component id="oc-d9">
         <name>.text:_EPWM2_INT_ISR</name>
         <load_address>0x8165</load_address>
         <run_address>0x8165</run_address>
         <size>0x5</size>
         <input_file_ref idref="fl-14"/>
      </object_component>
      <object_component id="oc-d6">
         <name>.text:_EPWM2_TZINT_ISR</name>
         <load_address>0x816a</load_address>
         <run_address>0x816a</run_address>
         <size>0x5</size>
         <input_file_ref idref="fl-14"/>
      </object_component>
      <object_component id="oc-da">
         <name>.text:_EPWM3_INT_ISR</name>
         <load_address>0x816f</load_address>
         <run_address>0x816f</run_address>
         <size>0x5</size>
         <input_file_ref idref="fl-14"/>
      </object_component>
      <object_component id="oc-d7">
         <name>.text:_EPWM3_TZINT_ISR</name>
         <load_address>0x8174</load_address>
         <run_address>0x8174</run_address>
         <size>0x5</size>
         <input_file_ref idref="fl-14"/>
      </object_component>
      <object_component id="oc-de">
         <name>.text:_I2CINT1A_ISR</name>
         <load_address>0x8179</load_address>
         <run_address>0x8179</run_address>
         <size>0x5</size>
         <input_file_ref idref="fl-14"/>
      </object_component>
      <object_component id="oc-df">
         <name>.text:_I2CINT2A_ISR</name>
         <load_address>0x817e</load_address>
         <run_address>0x817e</run_address>
         <size>0x5</size>
         <input_file_ref idref="fl-14"/>
      </object_component>
      <object_component id="oc-c0">
         <name>.text:_ILLEGAL_ISR</name>
         <load_address>0x8183</load_address>
         <run_address>0x8183</run_address>
         <size>0x5</size>
         <input_file_ref idref="fl-14"/>
      </object_component>
      <object_component id="oc-ba">
         <name>.text:_INT13_ISR</name>
         <load_address>0x8188</load_address>
         <run_address>0x8188</run_address>
         <size>0x5</size>
         <input_file_ref idref="fl-14"/>
      </object_component>
      <object_component id="oc-bb">
         <name>.text:_INT14_ISR</name>
         <load_address>0x818d</load_address>
         <run_address>0x818d</run_address>
         <size>0x5</size>
         <input_file_ref idref="fl-14"/>
      </object_component>
      <object_component id="oc-bf">
         <name>.text:_NMI_ISR</name>
         <load_address>0x8192</load_address>
         <run_address>0x8192</run_address>
         <size>0x5</size>
         <input_file_ref idref="fl-14"/>
      </object_component>
      <object_component id="oc-b9">
         <name>.text:_PIE_RESERVED</name>
         <load_address>0x8197</load_address>
         <run_address>0x8197</run_address>
         <size>0x5</size>
         <input_file_ref idref="fl-14"/>
      </object_component>
      <object_component id="oc-bd">
         <name>.text:_RTOSINT_ISR</name>
         <load_address>0x819c</load_address>
         <run_address>0x819c</run_address>
         <size>0x5</size>
         <input_file_ref idref="fl-14"/>
      </object_component>
      <object_component id="oc-e0">
         <name>.text:_SCIRXINTA_ISR</name>
         <load_address>0x81a1</load_address>
         <run_address>0x81a1</run_address>
         <size>0x5</size>
         <input_file_ref idref="fl-14"/>
      </object_component>
      <object_component id="oc-e1">
         <name>.text:_SCITXINTA_ISR</name>
         <load_address>0x81a6</load_address>
         <run_address>0x81a6</run_address>
         <size>0x5</size>
         <input_file_ref idref="fl-14"/>
      </object_component>
      <object_component id="oc-dc">
         <name>.text:_SPIRXINTA_ISR</name>
         <load_address>0x81ab</load_address>
         <run_address>0x81ab</run_address>
         <size>0x5</size>
         <input_file_ref idref="fl-14"/>
      </object_component>
      <object_component id="oc-dd">
         <name>.text:_SPITXINTA_ISR</name>
         <load_address>0x81b0</load_address>
         <run_address>0x81b0</run_address>
         <size>0x5</size>
         <input_file_ref idref="fl-14"/>
      </object_component>
      <object_component id="oc-d3">
         <name>.text:_TINT0_ISR</name>
         <load_address>0x81b5</load_address>
         <run_address>0x81b5</run_address>
         <size>0x5</size>
         <input_file_ref idref="fl-14"/>
      </object_component>
      <object_component id="oc-ca">
         <name>.text:_USER10_ISR</name>
         <load_address>0x81ba</load_address>
         <run_address>0x81ba</run_address>
         <size>0x5</size>
         <input_file_ref idref="fl-14"/>
      </object_component>
      <object_component id="oc-cb">
         <name>.text:_USER11_ISR</name>
         <load_address>0x81bf</load_address>
         <run_address>0x81bf</run_address>
         <size>0x5</size>
         <input_file_ref idref="fl-14"/>
      </object_component>
      <object_component id="oc-cc">
         <name>.text:_USER12_ISR</name>
         <load_address>0x81c4</load_address>
         <run_address>0x81c4</run_address>
         <size>0x5</size>
         <input_file_ref idref="fl-14"/>
      </object_component>
      <object_component id="oc-c1">
         <name>.text:_USER1_ISR</name>
         <load_address>0x81c9</load_address>
         <run_address>0x81c9</run_address>
         <size>0x5</size>
         <input_file_ref idref="fl-14"/>
      </object_component>
      <object_component id="oc-c2">
         <name>.text:_USER2_ISR</name>
         <load_address>0x81ce</load_address>
         <run_address>0x81ce</run_address>
         <size>0x5</size>
         <input_file_ref idref="fl-14"/>
      </object_component>
      <object_component id="oc-c3">
         <name>.text:_USER3_ISR</name>
         <load_address>0x81d3</load_address>
         <run_address>0x81d3</run_address>
         <size>0x5</size>
         <input_file_ref idref="fl-14"/>
      </object_component>
      <object_component id="oc-c4">
         <name>.text:_USER4_ISR</name>
         <load_address>0x81d8</load_address>
         <run_address>0x81d8</run_address>
         <size>0x5</size>
         <input_file_ref idref="fl-14"/>
      </object_component>
      <object_component id="oc-c5">
         <name>.text:_USER5_ISR</name>
         <load_address>0x81dd</load_address>
         <run_address>0x81dd</run_address>
         <size>0x5</size>
         <input_file_ref idref="fl-14"/>
      </object_component>
      <object_component id="oc-c6">
         <name>.text:_USER6_ISR</name>
         <load_address>0x81e2</load_address>
         <run_address>0x81e2</run_address>
         <size>0x5</size>
         <input_file_ref idref="fl-14"/>
      </object_component>
      <object_component id="oc-c7">
         <name>.text:_USER7_ISR</name>
         <load_address>0x81e7</load_address>
         <run_address>0x81e7</run_address>
         <size>0x5</size>
         <input_file_ref idref="fl-14"/>
      </object_component>
      <object_component id="oc-c8">
         <name>.text:_USER8_ISR</name>
         <load_address>0x81ec</load_address>
         <run_address>0x81ec</run_address>
         <size>0x5</size>
         <input_file_ref idref="fl-14"/>
      </object_component>
      <object_component id="oc-c9">
         <name>.text:_USER9_ISR</name>
         <load_address>0x81f1</load_address>
         <run_address>0x81f1</run_address>
         <size>0x5</size>
         <input_file_ref idref="fl-14"/>
      </object_component>
      <object_component id="oc-d4">
         <name>.text:_WAKEINT_ISR</name>
         <load_address>0x81f6</load_address>
         <run_address>0x81f6</run_address>
         <size>0x5</size>
         <input_file_ref idref="fl-14"/>
      </object_component>
      <object_component id="oc-d0">
         <name>.text:_XINT1_ISR</name>
         <load_address>0x81fb</load_address>
         <run_address>0x81fb</run_address>
         <size>0x5</size>
         <input_file_ref idref="fl-14"/>
      </object_component>
      <object_component id="oc-d1">
         <name>.text:_XINT2_ISR</name>
         <load_address>0x8200</load_address>
         <run_address>0x8200</run_address>
         <size>0x5</size>
         <input_file_ref idref="fl-14"/>
      </object_component>
      <object_component id="oc-e8">
         <name>.text:_XINT3_ISR</name>
         <load_address>0x8205</load_address>
         <run_address>0x8205</run_address>
         <size>0x5</size>
         <input_file_ref idref="fl-14"/>
      </object_component>
      <object_component id="oc-cf">
         <name>.text:_rsvd_ISR</name>
         <load_address>0x820a</load_address>
         <run_address>0x820a</run_address>
         <size>0x5</size>
         <input_file_ref idref="fl-14"/>
      </object_component>
      <object_component id="oc-a7">
         <name>.text:_CPU_enableInt</name>
         <load_address>0x820f</load_address>
         <run_address>0x820f</run_address>
         <size>0x4</size>
         <input_file_ref idref="fl-10"/>
      </object_component>
      <object_component id="oc-8a">
         <name>.text:_CPU_init</name>
         <load_address>0x8213</load_address>
         <run_address>0x8213</run_address>
         <size>0x4</size>
         <input_file_ref idref="fl-10"/>
      </object_component>
      <object_component id="oc-98">
         <name>.text:_CPU_clearIntFlags</name>
         <load_address>0x8217</load_address>
         <run_address>0x8217</run_address>
         <size>0x3</size>
         <input_file_ref idref="fl-10"/>
      </object_component>
      <object_component id="oc-97">
         <name>.text:_CPU_disableGlobalInts</name>
         <load_address>0x821a</load_address>
         <run_address>0x821a</run_address>
         <size>0x3</size>
         <input_file_ref idref="fl-10"/>
      </object_component>
      <object_component id="oc-aa">
         <name>.text:_CPU_enableDebugInt</name>
         <load_address>0x821d</load_address>
         <run_address>0x821d</run_address>
         <size>0x3</size>
         <input_file_ref idref="fl-10"/>
      </object_component>
      <object_component id="oc-a9">
         <name>.text:_CPU_enableGlobalInts</name>
         <load_address>0x8220</load_address>
         <run_address>0x8220</run_address>
         <size>0x3</size>
         <input_file_ref idref="fl-10"/>
      </object_component>
      <object_component id="oc-95">
         <name>.text:_PIE_disable</name>
         <load_address>0x8223</load_address>
         <run_address>0x8223</run_address>
         <size>0x3</size>
         <input_file_ref idref="fl-d"/>
      </object_component>
      <object_component id="oc-9a">
         <name>.text:_PIE_enable</name>
         <load_address>0x8226</load_address>
         <run_address>0x8226</run_address>
         <size>0x3</size>
         <input_file_ref idref="fl-d"/>
      </object_component>
      <object_component id="oc-a8">
         <name>.text:_PIE_enableTimer0Int</name>
         <load_address>0x8229</load_address>
         <run_address>0x8229</run_address>
         <size>0x3</size>
         <input_file_ref idref="fl-d"/>
      </object_component>
      <object_component id="oc-b4">
         <name>.text:_PLL_getClkStatus</name>
         <load_address>0x822c</load_address>
         <run_address>0x822c</run_address>
         <size>0x3</size>
         <input_file_ref idref="fl-c"/>
      </object_component>
      <object_component id="oc-b7">
         <name>.text:_PLL_getLockStatus</name>
         <load_address>0x822f</load_address>
         <run_address>0x822f</run_address>
         <size>0x3</size>
         <input_file_ref idref="fl-c"/>
      </object_component>
      <object_component id="oc-a1">
         <name>.text:_TIMER_enableInt</name>
         <load_address>0x8232</load_address>
         <run_address>0x8232</run_address>
         <size>0x3</size>
         <input_file_ref idref="fl-b"/>
      </object_component>
      <object_component id="oc-9f">
         <name>.text:_TIMER_reload</name>
         <load_address>0x8235</load_address>
         <run_address>0x8235</run_address>
         <size>0x3</size>
         <input_file_ref idref="fl-b"/>
      </object_component>
      <object_component id="oc-a2">
         <name>.text:_TIMER_start</name>
         <load_address>0x8238</load_address>
         <run_address>0x8238</run_address>
         <size>0x3</size>
         <input_file_ref idref="fl-b"/>
      </object_component>
      <object_component id="oc-9c">
         <name>.text:_TIMER_stop</name>
         <load_address>0x823b</load_address>
         <run_address>0x823b</run_address>
         <size>0x3</size>
         <input_file_ref idref="fl-b"/>
      </object_component>
      <object_component id="oc-9d">
         <name>.text:_TIMER_setPeriod</name>
         <load_address>0x823e</load_address>
         <run_address>0x823e</run_address>
         <size>0x2</size>
         <input_file_ref idref="fl-b"/>
      </object_component>
      <object_component id="oc-7e">
         <name>.cinit</name>
         <load_address>0x8240</load_address>
         <run_address>0x8240</run_address>
         <size>0xa</size>
         <input_file_ref idref="fl-17"/>
      </object_component>
      <object_component id="oc-77">
         <name>.cinit</name>
         <load_address>0x824a</load_address>
         <run_address>0x824a</run_address>
         <size>0xa</size>
         <input_file_ref idref="fl-16"/>
      </object_component>
      <object_component id="oc-39">
         <name>.cinit</name>
         <load_address>0x8254</load_address>
         <run_address>0x8254</run_address>
         <size>0x4</size>
         <input_file_ref idref="fl-3"/>
      </object_component>
      <object_component id="oc-71">
         <name>.reset</name>
         <load_address>0x3fffc0</load_address>
         <run_address>0x3fffc0</run_address>
         <size>0x2</size>
         <input_file_ref idref="fl-15"/>
      </object_component>
      <object_component id="oc-70">
         <name>.stack</name>
         <uninitialized>true</uninitialized>
         <run_address>0x400</run_address>
         <size>0x0</size>
         <input_file_ref idref="fl-15"/>
      </object_component>
      <object_component id="oc-124">
         <name>.stack</name>
         <uninitialized>true</uninitialized>
         <run_address>0x400</run_address>
         <size>0x0</size>
      </object_component>
      <object_component id="oc-3a">
         <name>.ebss</name>
         <uninitialized>true</uninitialized>
         <run_address>0x700</run_address>
         <size>0x24</size>
         <input_file_ref idref="fl-3"/>
      </object_component>
      <object_component id="oc-58">
         <name>.ebss</name>
         <uninitialized>true</uninitialized>
         <run_address>0x72c</run_address>
         <size>0x1</size>
         <input_file_ref idref="fl-10"/>
      </object_component>
      <object_component id="oc-78">
         <name>.ebss</name>
         <uninitialized>true</uninitialized>
         <run_address>0x728</run_address>
         <size>0x4</size>
         <input_file_ref idref="fl-16"/>
      </object_component>
      <object_component id="oc-7f">
         <name>.ebss</name>
         <uninitialized>true</uninitialized>
         <run_address>0x724</run_address>
         <size>0x4</size>
         <input_file_ref idref="fl-17"/>
      </object_component>
      <object_component id="oc-b8">
         <name>.econst:_PIE_tableDebugInit</name>
         <load_address>0x600</load_address>
         <run_address>0x600</run_address>
         <size>0x100</size>
         <input_file_ref idref="fl-d"/>
      </object_component>
      <object_component id="oc-34">
         <name>.debug_info</name>
         <load_address>0x0</load_address>
         <run_address>0x0</run_address>
         <size>0xf4</size>
         <input_file_ref idref="fl-2"/>
      </object_component>
      <object_component id="oc-38">
         <name>.debug_info</name>
         <load_address>0xf4</load_address>
         <run_address>0xf4</run_address>
         <size>0x52ce</size>
         <input_file_ref idref="fl-3"/>
      </object_component>
      <object_component id="oc-3f">
         <name>.debug_info</name>
         <load_address>0x53c2</load_address>
         <run_address>0x53c2</run_address>
         <size>0x7f6</size>
         <input_file_ref idref="fl-a"/>
      </object_component>
      <object_component id="oc-43">
         <name>.debug_info</name>
         <load_address>0x5bb8</load_address>
         <run_address>0x5bb8</run_address>
         <size>0xe5d</size>
         <input_file_ref idref="fl-b"/>
      </object_component>
      <object_component id="oc-47">
         <name>.debug_info</name>
         <load_address>0x6a15</load_address>
         <run_address>0x6a15</run_address>
         <size>0xed2</size>
         <input_file_ref idref="fl-c"/>
      </object_component>
      <object_component id="oc-4b">
         <name>.debug_info</name>
         <load_address>0x78e7</load_address>
         <run_address>0x78e7</run_address>
         <size>0x2d86</size>
         <input_file_ref idref="fl-d"/>
      </object_component>
      <object_component id="oc-4f">
         <name>.debug_info</name>
         <load_address>0xa66d</load_address>
         <run_address>0xa66d</run_address>
         <size>0x1be3</size>
         <input_file_ref idref="fl-e"/>
      </object_component>
      <object_component id="oc-53">
         <name>.debug_info</name>
         <load_address>0xc250</load_address>
         <run_address>0xc250</run_address>
         <size>0xcaf</size>
         <input_file_ref idref="fl-f"/>
      </object_component>
      <object_component id="oc-57">
         <name>.debug_info</name>
         <load_address>0xceff</load_address>
         <run_address>0xceff</run_address>
         <size>0xb3e</size>
         <input_file_ref idref="fl-10"/>
      </object_component>
      <object_component id="oc-5c">
         <name>.debug_info</name>
         <load_address>0xda3d</load_address>
         <run_address>0xda3d</run_address>
         <size>0xd54</size>
         <input_file_ref idref="fl-11"/>
      </object_component>
      <object_component id="oc-60">
         <name>.debug_info</name>
         <load_address>0xe791</load_address>
         <run_address>0xe791</run_address>
         <size>0x2943</size>
         <input_file_ref idref="fl-12"/>
      </object_component>
      <object_component id="oc-68">
         <name>.debug_info</name>
         <load_address>0x110d4</load_address>
         <run_address>0x110d4</run_address>
         <size>0x329</size>
         <input_file_ref idref="fl-13"/>
      </object_component>
      <object_component id="oc-6b">
         <name>.debug_info</name>
         <load_address>0x113fd</load_address>
         <run_address>0x113fd</run_address>
         <size>0x5348</size>
         <input_file_ref idref="fl-14"/>
      </object_component>
      <object_component id="oc-72">
         <name>.debug_info</name>
         <load_address>0x16745</load_address>
         <run_address>0x16745</run_address>
         <size>0xde</size>
         <input_file_ref idref="fl-15"/>
      </object_component>
      <object_component id="oc-76">
         <name>.debug_info</name>
         <load_address>0x16823</load_address>
         <run_address>0x16823</run_address>
         <size>0x3d6</size>
         <input_file_ref idref="fl-16"/>
      </object_component>
      <object_component id="oc-7d">
         <name>.debug_info</name>
         <load_address>0x16bf9</load_address>
         <run_address>0x16bf9</run_address>
         <size>0x3fc</size>
         <input_file_ref idref="fl-17"/>
      </object_component>
      <object_component id="oc-84">
         <name>.debug_info</name>
         <load_address>0x16ff5</load_address>
         <run_address>0x16ff5</run_address>
         <size>0x3bd</size>
         <input_file_ref idref="fl-18"/>
      </object_component>
      <object_component id="oc-128">
         <name>.debug_info</name>
         <load_address>0x173b2</load_address>
         <run_address>0x173b2</run_address>
         <size>0x6f</size>
      </object_component>
      <object_component id="oc-35">
         <name>.debug_line</name>
         <load_address>0x0</load_address>
         <run_address>0x0</run_address>
         <size>0x3a</size>
         <input_file_ref idref="fl-2"/>
      </object_component>
      <object_component id="oc-3d">
         <name>.debug_line</name>
         <load_address>0x3a</load_address>
         <run_address>0x3a</run_address>
         <size>0x205</size>
         <input_file_ref idref="fl-3"/>
      </object_component>
      <object_component id="oc-41">
         <name>.debug_line</name>
         <load_address>0x23f</load_address>
         <run_address>0x23f</run_address>
         <size>0xb1</size>
         <input_file_ref idref="fl-a"/>
      </object_component>
      <object_component id="oc-45">
         <name>.debug_line</name>
         <load_address>0x2f0</load_address>
         <run_address>0x2f0</run_address>
         <size>0x156</size>
         <input_file_ref idref="fl-b"/>
      </object_component>
      <object_component id="oc-49">
         <name>.debug_line</name>
         <load_address>0x446</load_address>
         <run_address>0x446</run_address>
         <size>0x131</size>
         <input_file_ref idref="fl-c"/>
      </object_component>
      <object_component id="oc-4d">
         <name>.debug_line</name>
         <load_address>0x577</load_address>
         <run_address>0x577</run_address>
         <size>0x154</size>
         <input_file_ref idref="fl-d"/>
      </object_component>
      <object_component id="oc-51">
         <name>.debug_line</name>
         <load_address>0x6cb</load_address>
         <run_address>0x6cb</run_address>
         <size>0x15e</size>
         <input_file_ref idref="fl-e"/>
      </object_component>
      <object_component id="oc-55">
         <name>.debug_line</name>
         <load_address>0x829</load_address>
         <run_address>0x829</run_address>
         <size>0x92</size>
         <input_file_ref idref="fl-f"/>
      </object_component>
      <object_component id="oc-5a">
         <name>.debug_line</name>
         <load_address>0x8bb</load_address>
         <run_address>0x8bb</run_address>
         <size>0x109</size>
         <input_file_ref idref="fl-10"/>
      </object_component>
      <object_component id="oc-5e">
         <name>.debug_line</name>
         <load_address>0x9c4</load_address>
         <run_address>0x9c4</run_address>
         <size>0xcd</size>
         <input_file_ref idref="fl-11"/>
      </object_component>
      <object_component id="oc-62">
         <name>.debug_line</name>
         <load_address>0xa91</load_address>
         <run_address>0xa91</run_address>
         <size>0x1b1</size>
         <input_file_ref idref="fl-12"/>
      </object_component>
      <object_component id="oc-69">
         <name>.debug_line</name>
         <load_address>0xc42</load_address>
         <run_address>0xc42</run_address>
         <size>0xd0</size>
         <input_file_ref idref="fl-13"/>
      </object_component>
      <object_component id="oc-6d">
         <name>.debug_line</name>
         <load_address>0xd12</load_address>
         <run_address>0xd12</run_address>
         <size>0x4c6</size>
         <input_file_ref idref="fl-14"/>
      </object_component>
      <object_component id="oc-73">
         <name>.debug_line</name>
         <load_address>0x11d8</load_address>
         <run_address>0x11d8</run_address>
         <size>0x70</size>
         <input_file_ref idref="fl-15"/>
      </object_component>
      <object_component id="oc-7a">
         <name>.debug_line</name>
         <load_address>0x1248</load_address>
         <run_address>0x1248</run_address>
         <size>0x5a</size>
         <input_file_ref idref="fl-16"/>
      </object_component>
      <object_component id="oc-81">
         <name>.debug_line</name>
         <load_address>0x12a2</load_address>
         <run_address>0x12a2</run_address>
         <size>0x5b</size>
         <input_file_ref idref="fl-17"/>
      </object_component>
      <object_component id="oc-86">
         <name>.debug_line</name>
         <load_address>0x12fd</load_address>
         <run_address>0x12fd</run_address>
         <size>0x56</size>
         <input_file_ref idref="fl-18"/>
      </object_component>
      <object_component id="oc-36">
         <name>.debug_abbrev</name>
         <load_address>0x0</load_address>
         <run_address>0x0</run_address>
         <size>0x2c</size>
         <input_file_ref idref="fl-2"/>
      </object_component>
      <object_component id="oc-3e">
         <name>.debug_abbrev</name>
         <load_address>0x2c</load_address>
         <run_address>0x2c</run_address>
         <size>0x1e7</size>
         <input_file_ref idref="fl-3"/>
      </object_component>
      <object_component id="oc-42">
         <name>.debug_abbrev</name>
         <load_address>0x213</load_address>
         <run_address>0x213</run_address>
         <size>0x113</size>
         <input_file_ref idref="fl-a"/>
      </object_component>
      <object_component id="oc-46">
         <name>.debug_abbrev</name>
         <load_address>0x326</load_address>
         <run_address>0x326</run_address>
         <size>0x113</size>
         <input_file_ref idref="fl-b"/>
      </object_component>
      <object_component id="oc-4a">
         <name>.debug_abbrev</name>
         <load_address>0x439</load_address>
         <run_address>0x439</run_address>
         <size>0x191</size>
         <input_file_ref idref="fl-c"/>
      </object_component>
      <object_component id="oc-4e">
         <name>.debug_abbrev</name>
         <load_address>0x5ca</load_address>
         <run_address>0x5ca</run_address>
         <size>0x1f6</size>
         <input_file_ref idref="fl-d"/>
      </object_component>
      <object_component id="oc-52">
         <name>.debug_abbrev</name>
         <load_address>0x7c0</load_address>
         <run_address>0x7c0</run_address>
         <size>0x15d</size>
         <input_file_ref idref="fl-e"/>
      </object_component>
      <object_component id="oc-56">
         <name>.debug_abbrev</name>
         <load_address>0x91d</load_address>
         <run_address>0x91d</run_address>
         <size>0x162</size>
         <input_file_ref idref="fl-f"/>
      </object_component>
      <object_component id="oc-5b">
         <name>.debug_abbrev</name>
         <load_address>0xa7f</load_address>
         <run_address>0xa7f</run_address>
         <size>0x113</size>
         <input_file_ref idref="fl-10"/>
      </object_component>
      <object_component id="oc-5f">
         <name>.debug_abbrev</name>
         <load_address>0xb92</load_address>
         <run_address>0xb92</run_address>
         <size>0x166</size>
         <input_file_ref idref="fl-11"/>
      </object_component>
      <object_component id="oc-63">
         <name>.debug_abbrev</name>
         <load_address>0xcf8</load_address>
         <run_address>0xcf8</run_address>
         <size>0x181</size>
         <input_file_ref idref="fl-12"/>
      </object_component>
      <object_component id="oc-6a">
         <name>.debug_abbrev</name>
         <load_address>0xe79</load_address>
         <run_address>0xe79</run_address>
         <size>0x3b</size>
         <input_file_ref idref="fl-13"/>
      </object_component>
      <object_component id="oc-6e">
         <name>.debug_abbrev</name>
         <load_address>0xeb4</load_address>
         <run_address>0xeb4</run_address>
         <size>0xdc</size>
         <input_file_ref idref="fl-14"/>
      </object_component>
      <object_component id="oc-74">
         <name>.debug_abbrev</name>
         <load_address>0xf90</load_address>
         <run_address>0xf90</run_address>
         <size>0x43</size>
         <input_file_ref idref="fl-15"/>
      </object_component>
      <object_component id="oc-7b">
         <name>.debug_abbrev</name>
         <load_address>0xfd3</load_address>
         <run_address>0xfd3</run_address>
         <size>0x10c</size>
         <input_file_ref idref="fl-16"/>
      </object_component>
      <object_component id="oc-82">
         <name>.debug_abbrev</name>
         <load_address>0x10df</load_address>
         <run_address>0x10df</run_address>
         <size>0xa9</size>
         <input_file_ref idref="fl-17"/>
      </object_component>
      <object_component id="oc-87">
         <name>.debug_abbrev</name>
         <load_address>0x1188</load_address>
         <run_address>0x1188</run_address>
         <size>0xed</size>
         <input_file_ref idref="fl-18"/>
      </object_component>
      <object_component id="oc-129">
         <name>.debug_abbrev</name>
         <load_address>0x1275</load_address>
         <run_address>0x1275</run_address>
         <size>0xd</size>
      </object_component>
      <object_component id="oc-3c">
         <name>.debug_frame</name>
         <load_address>0x0</load_address>
         <run_address>0x0</run_address>
         <size>0x173</size>
         <input_file_ref idref="fl-3"/>
      </object_component>
      <object_component id="oc-40">
         <name>.debug_frame</name>
         <load_address>0x173</load_address>
         <run_address>0x173</run_address>
         <size>0x92</size>
         <input_file_ref idref="fl-a"/>
      </object_component>
      <object_component id="oc-44">
         <name>.debug_frame</name>
         <load_address>0x205</load_address>
         <run_address>0x205</run_address>
         <size>0x122</size>
         <input_file_ref idref="fl-b"/>
      </object_component>
      <object_component id="oc-48">
         <name>.debug_frame</name>
         <load_address>0x327</load_address>
         <run_address>0x327</run_address>
         <size>0xf2</size>
         <input_file_ref idref="fl-c"/>
      </object_component>
      <object_component id="oc-4c">
         <name>.debug_frame</name>
         <load_address>0x419</load_address>
         <run_address>0x419</run_address>
         <size>0x10a</size>
         <input_file_ref idref="fl-d"/>
      </object_component>
      <object_component id="oc-50">
         <name>.debug_frame</name>
         <load_address>0x523</load_address>
         <run_address>0x523</run_address>
         <size>0xda</size>
         <input_file_ref idref="fl-e"/>
      </object_component>
      <object_component id="oc-54">
         <name>.debug_frame</name>
         <load_address>0x5fd</load_address>
         <run_address>0x5fd</run_address>
         <size>0x7a</size>
         <input_file_ref idref="fl-f"/>
      </object_component>
      <object_component id="oc-59">
         <name>.debug_frame</name>
         <load_address>0x677</load_address>
         <run_address>0x677</run_address>
         <size>0xf2</size>
         <input_file_ref idref="fl-10"/>
      </object_component>
      <object_component id="oc-5d">
         <name>.debug_frame</name>
         <load_address>0x769</load_address>
         <run_address>0x769</run_address>
         <size>0xaa</size>
         <input_file_ref idref="fl-11"/>
      </object_component>
      <object_component id="oc-61">
         <name>.debug_frame</name>
         <load_address>0x813</load_address>
         <run_address>0x813</run_address>
         <size>0x152</size>
         <input_file_ref idref="fl-12"/>
      </object_component>
      <object_component id="oc-6c">
         <name>.debug_frame</name>
         <load_address>0x965</load_address>
         <run_address>0x965</run_address>
         <size>0x512</size>
         <input_file_ref idref="fl-14"/>
      </object_component>
      <object_component id="oc-79">
         <name>.debug_frame</name>
         <load_address>0xe77</load_address>
         <run_address>0xe77</run_address>
         <size>0x9d</size>
         <input_file_ref idref="fl-16"/>
      </object_component>
      <object_component id="oc-80">
         <name>.debug_frame</name>
         <load_address>0xf14</load_address>
         <run_address>0xf14</run_address>
         <size>0xac</size>
         <input_file_ref idref="fl-17"/>
      </object_component>
      <object_component id="oc-85">
         <name>.debug_frame</name>
         <load_address>0xfc0</load_address>
         <run_address>0xfc0</run_address>
         <size>0x7c</size>
         <input_file_ref idref="fl-18"/>
      </object_component>
      <object_component id="oc-66">
         <name>csmpasswds</name>
         <load_address>0x82d8</load_address>
         <run_address>0x82d8</run_address>
         <size>0x8</size>
         <input_file_ref idref="fl-13"/>
      </object_component>
      <object_component id="oc-67">
         <name>csm_rsvd</name>
         <load_address>0x8262</load_address>
         <run_address>0x8262</run_address>
         <size>0x76</size>
         <input_file_ref idref="fl-13"/>
      </object_component>
   </object_component_list>
   <logical_group_list>
      <logical_group id="lg-3" display="no" color="cyan">
         <name>PieVectTableFile</name>
         <run_address>0x0</run_address>
         <size>0x0</size>
         <contents>
         </contents>
      </logical_group>
      <logical_group id="lg-5" display="no" color="cyan">
         <name>EmuKeyVar</name>
         <run_address>0x0</run_address>
         <size>0x0</size>
         <contents>
         </contents>
      </logical_group>
      <logical_group id="lg-6" display="no" color="cyan">
         <name>EmuBModeVar</name>
         <run_address>0x0</run_address>
         <size>0x0</size>
         <contents>
         </contents>
      </logical_group>
      <logical_group id="lg-7" display="no" color="cyan">
         <name>FlashCallbackVar</name>
         <run_address>0x0</run_address>
         <size>0x0</size>
         <contents>
         </contents>
      </logical_group>
      <logical_group id="lg-8" display="no" color="cyan">
         <name>FlashScalingVar</name>
         <run_address>0x0</run_address>
         <size>0x0</size>
         <contents>
         </contents>
      </logical_group>
      <logical_group id="lg-4" display="no" color="cyan">
         <name>GROUP_2</name>
         <run_address>0x0</run_address>
         <size>0x0</size>
         <contents>
            <logical_group_ref idref="lg-5"/>
            <logical_group_ref idref="lg-6"/>
            <logical_group_ref idref="lg-7"/>
            <logical_group_ref idref="lg-8"/>
         </contents>
      </logical_group>
      <overlay id="lg-2" display="no" color="cyan">
         <name>UNION_1</name>
         <run_address>0x0</run_address>
         <size>0x0</size>
         <contents>
            <logical_group_ref idref="lg-3"/>
            <logical_group_ref idref="lg-4"/>
         </contents>
      </overlay>
      <logical_group id="lg-9" display="no" color="cyan">
         <name>DevEmuRegsFile</name>
         <run_address>0x0</run_address>
         <size>0x0</size>
         <contents>
         </contents>
      </logical_group>
      <logical_group id="lg-a" display="no" color="cyan">
         <name>SysPwrCtrlRegsFile</name>
         <run_address>0x0</run_address>
         <size>0x0</size>
         <contents>
         </contents>
      </logical_group>
      <logical_group id="lg-b" display="no" color="cyan">
         <name>FlashRegsFile</name>
         <run_address>0x0</run_address>
         <size>0x0</size>
         <contents>
         </contents>
      </logical_group>
      <logical_group id="lg-c" display="no" color="cyan">
         <name>CsmRegsFile</name>
         <run_address>0x0</run_address>
         <size>0x0</size>
         <contents>
         </contents>
      </logical_group>
      <logical_group id="lg-d" display="no" color="cyan">
         <name>AdcResultFile</name>
         <run_address>0x0</run_address>
         <size>0x0</size>
         <contents>
         </contents>
      </logical_group>
      <logical_group id="lg-e" display="no" color="cyan">
         <name>CpuTimer0RegsFile</name>
         <run_address>0x0</run_address>
         <size>0x0</size>
         <contents>
         </contents>
      </logical_group>
      <logical_group id="lg-f" display="no" color="cyan">
         <name>CpuTimer1RegsFile</name>
         <run_address>0x0</run_address>
         <size>0x0</size>
         <contents>
         </contents>
      </logical_group>
      <logical_group id="lg-10" display="no" color="cyan">
         <name>CpuTimer2RegsFile</name>
         <run_address>0x0</run_address>
         <size>0x0</size>
         <contents>
         </contents>
      </logical_group>
      <logical_group id="lg-11" display="no" color="cyan">
         <name>PieCtrlRegsFile</name>
         <run_address>0x0</run_address>
         <size>0x0</size>
         <contents>
         </contents>
      </logical_group>
      <logical_group id="lg-12" display="no" color="cyan">
         <name>ECap1RegsFile</name>
         <run_address>0x0</run_address>
         <size>0x0</size>
         <contents>
         </contents>
      </logical_group>
      <logical_group id="lg-13" display="no" color="cyan">
         <name>GpioCtrlRegsFile</name>
         <run_address>0x0</run_address>
         <size>0x0</size>
         <contents>
         </contents>
      </logical_group>
      <logical_group id="lg-14" display="no" color="cyan">
         <name>GpioDataRegsFile</name>
         <run_address>0x0</run_address>
         <size>0x0</size>
         <contents>
         </contents>
      </logical_group>
      <logical_group id="lg-15" display="no" color="cyan">
         <name>GpioIntRegsFile</name>
         <run_address>0x0</run_address>
         <size>0x0</size>
         <contents>
         </contents>
      </logical_group>
      <logical_group id="lg-16" display="no" color="cyan">
         <name>SysCtrlRegsFile</name>
         <run_address>0x0</run_address>
         <size>0x0</size>
         <contents>
         </contents>
      </logical_group>
      <logical_group id="lg-17" display="no" color="cyan">
         <name>SpiaRegsFile</name>
         <run_address>0x0</run_address>
         <size>0x0</size>
         <contents>
         </contents>
      </logical_group>
      <logical_group id="lg-18" display="no" color="cyan">
         <name>SciaRegsFile</name>
         <run_address>0x0</run_address>
         <size>0x0</size>
         <contents>
         </contents>
      </logical_group>
      <logical_group id="lg-19" display="no" color="cyan">
         <name>NmiIntruptRegsFile</name>
         <run_address>0x0</run_address>
         <size>0x0</size>
         <contents>
         </contents>
      </logical_group>
      <logical_group id="lg-1a" display="no" color="cyan">
         <name>XIntruptRegsFile</name>
         <run_address>0x0</run_address>
         <size>0x0</size>
         <contents>
         </contents>
      </logical_group>
      <logical_group id="lg-1b" display="no" color="cyan">
         <name>AdcRegsFile</name>
         <run_address>0x0</run_address>
         <size>0x0</size>
         <contents>
         </contents>
      </logical_group>
      <logical_group id="lg-1c" display="no" color="cyan">
         <name>I2caRegsFile</name>
         <run_address>0x0</run_address>
         <size>0x0</size>
         <contents>
         </contents>
      </logical_group>
      <logical_group id="lg-1d" display="no" color="cyan">
         <name>Comp1RegsFile</name>
         <run_address>0x0</run_address>
         <size>0x0</size>
         <contents>
         </contents>
      </logical_group>
      <logical_group id="lg-1e" display="no" color="cyan">
         <name>Comp2RegsFile</name>
         <run_address>0x0</run_address>
         <size>0x0</size>
         <contents>
         </contents>
      </logical_group>
      <logical_group id="lg-1f" display="no" color="cyan">
         <name>EPwm1RegsFile</name>
         <run_address>0x0</run_address>
         <size>0x0</size>
         <contents>
         </contents>
      </logical_group>
      <logical_group id="lg-20" display="no" color="cyan">
         <name>EPwm2RegsFile</name>
         <run_address>0x0</run_address>
         <size>0x0</size>
         <contents>
         </contents>
      </logical_group>
      <logical_group id="lg-21" display="no" color="cyan">
         <name>EPwm3RegsFile</name>
         <run_address>0x0</run_address>
         <size>0x0</size>
         <contents>
         </contents>
      </logical_group>
      <logical_group id="lg-22" display="no" color="cyan">
         <name>EPwm4RegsFile</name>
         <run_address>0x0</run_address>
         <size>0x0</size>
         <contents>
         </contents>
      </logical_group>
      <logical_group id="lg-23" display="no" color="cyan">
         <name>CsmPwlFile</name>
         <run_address>0x0</run_address>
         <size>0x0</size>
         <contents>
         </contents>
      </logical_group>
      <logical_group id="lg-24" display="no" color="cyan">
         <name>PartIdRegsFile</name>
         <run_address>0x0</run_address>
         <size>0x0</size>
         <contents>
         </contents>
      </logical_group>
      <logical_group id="lg-25" display="no" color="cyan">
         <name>codestart</name>
         <load_address>0x0</load_address>
         <run_address>0x0</run_address>
         <size>0x2</size>
         <contents>
            <object_component_ref idref="oc-32"/>
         </contents>
      </logical_group>
      <logical_group id="lg-125" display="no" color="cyan">
         <name>ramfuncs</name>
         <load_address>0x825a</load_address>
         <run_address>0x825a</run_address>
         <size>0x8</size>
         <contents>
            <object_component_ref idref="oc-65"/>
            <object_component_ref idref="oc-33"/>
         </contents>
      </logical_group>
      <split_section id="lg-26" display="no" color="cyan">
         <name>ramfuncs</name>
         <contents>
            <logical_group_ref idref="lg-125"/>
         </contents>
      </split_section>
      <logical_group id="lg-126" display="no" color="cyan">
         <name>.text.1</name>
         <load_address>0x50</load_address>
         <run_address>0x50</run_address>
         <size>0x3b0</size>
         <contents>
            <object_component_ref idref="oc-37"/>
            <object_component_ref idref="oc-a3"/>
            <object_component_ref idref="oc-6f"/>
            <object_component_ref idref="oc-3b"/>
            <object_component_ref idref="oc-a4"/>
            <object_component_ref idref="oc-b2"/>
            <object_component_ref idref="oc-b0"/>
            <object_component_ref idref="oc-b1"/>
            <object_component_ref idref="oc-83"/>
            <object_component_ref idref="oc-75"/>
            <object_component_ref idref="oc-b3"/>
            <object_component_ref idref="oc-94"/>
            <object_component_ref idref="oc-b6"/>
         </contents>
      </logical_group>
      <logical_group id="lg-127" display="no" color="cyan">
         <name>.text.2</name>
         <load_address>0x8000</load_address>
         <run_address>0x8000</run_address>
         <size>0x240</size>
         <contents>
            <object_component_ref idref="oc-a5"/>
            <object_component_ref idref="oc-a6"/>
            <object_component_ref idref="oc-9e"/>
            <object_component_ref idref="oc-af"/>
            <object_component_ref idref="oc-64"/>
            <object_component_ref idref="oc-99"/>
            <object_component_ref idref="oc-96"/>
            <object_component_ref idref="oc-9b"/>
            <object_component_ref idref="oc-ae"/>
            <object_component_ref idref="oc-ab"/>
            <object_component_ref idref="oc-ac"/>
            <object_component_ref idref="oc-ad"/>
            <object_component_ref idref="oc-7c"/>
            <object_component_ref idref="oc-88"/>
            <object_component_ref idref="oc-8d"/>
            <object_component_ref idref="oc-91"/>
            <object_component_ref idref="oc-92"/>
            <object_component_ref idref="oc-89"/>
            <object_component_ref idref="oc-93"/>
            <object_component_ref idref="oc-8b"/>
            <object_component_ref idref="oc-8c"/>
            <object_component_ref idref="oc-8e"/>
            <object_component_ref idref="oc-b5"/>
            <object_component_ref idref="oc-8f"/>
            <object_component_ref idref="oc-a0"/>
            <object_component_ref idref="oc-90"/>
            <object_component_ref idref="oc-cd"/>
            <object_component_ref idref="oc-ce"/>
            <object_component_ref idref="oc-e2"/>
            <object_component_ref idref="oc-e3"/>
            <object_component_ref idref="oc-e4"/>
            <object_component_ref idref="oc-e5"/>
            <object_component_ref idref="oc-e6"/>
            <object_component_ref idref="oc-e7"/>
            <object_component_ref idref="oc-d2"/>
            <object_component_ref idref="oc-bc"/>
            <object_component_ref idref="oc-db"/>
            <object_component_ref idref="oc-be"/>
            <object_component_ref idref="oc-d8"/>
            <object_component_ref idref="oc-d5"/>
            <object_component_ref idref="oc-d9"/>
            <object_component_ref idref="oc-d6"/>
            <object_component_ref idref="oc-da"/>
            <object_component_ref idref="oc-d7"/>
            <object_component_ref idref="oc-de"/>
            <object_component_ref idref="oc-df"/>
            <object_component_ref idref="oc-c0"/>
            <object_component_ref idref="oc-ba"/>
            <object_component_ref idref="oc-bb"/>
            <object_component_ref idref="oc-bf"/>
            <object_component_ref idref="oc-b9"/>
            <object_component_ref idref="oc-bd"/>
            <object_component_ref idref="oc-e0"/>
            <object_component_ref idref="oc-e1"/>
            <object_component_ref idref="oc-dc"/>
            <object_component_ref idref="oc-dd"/>
            <object_component_ref idref="oc-d3"/>
            <object_component_ref idref="oc-ca"/>
            <object_component_ref idref="oc-cb"/>
            <object_component_ref idref="oc-cc"/>
            <object_component_ref idref="oc-c1"/>
            <object_component_ref idref="oc-c2"/>
            <object_component_ref idref="oc-c3"/>
            <object_component_ref idref="oc-c4"/>
            <object_component_ref idref="oc-c5"/>
            <object_component_ref idref="oc-c6"/>
            <object_component_ref idref="oc-c7"/>
            <object_component_ref idref="oc-c8"/>
            <object_component_ref idref="oc-c9"/>
            <object_component_ref idref="oc-d4"/>
            <object_component_ref idref="oc-d0"/>
            <object_component_ref idref="oc-d1"/>
            <object_component_ref idref="oc-e8"/>
            <object_component_ref idref="oc-cf"/>
            <object_component_ref idref="oc-a7"/>
            <object_component_ref idref="oc-8a"/>
            <object_component_ref idref="oc-98"/>
            <object_component_ref idref="oc-97"/>
            <object_component_ref idref="oc-aa"/>
            <object_component_ref idref="oc-a9"/>
            <object_component_ref idref="oc-95"/>
            <object_component_ref idref="oc-9a"/>
            <object_component_ref idref="oc-a8"/>
            <object_component_ref idref="oc-b4"/>
            <object_component_ref idref="oc-b7"/>
            <object_component_ref idref="oc-a1"/>
            <object_component_ref idref="oc-9f"/>
            <object_component_ref idref="oc-a2"/>
            <object_component_ref idref="oc-9c"/>
            <object_component_ref idref="oc-9d"/>
         </contents>
      </logical_group>
      <split_section id="lg-27" display="no" color="cyan">
         <name>.text</name>
         <contents>
            <logical_group_ref idref="lg-126"/>
            <logical_group_ref idref="lg-127"/>
         </contents>
      </split_section>
      <logical_group id="lg-28" display="no" color="cyan">
         <name>.cinit</name>
         <load_address>0x8240</load_address>
         <run_address>0x8240</run_address>
         <size>0x1a</size>
         <contents>
            <object_component_ref idref="oc-7e"/>
            <object_component_ref idref="oc-77"/>
            <object_component_ref idref="oc-39"/>
         </contents>
      </logical_group>
      <logical_group id="lg-29" display="no" color="cyan">
         <name>.pinit</name>
         <run_address>0x0</run_address>
         <size>0x0</size>
         <contents>
         </contents>
      </logical_group>
      <logical_group id="lg-2a" display="no" color="cyan">
         <name>.switch</name>
         <run_address>0x0</run_address>
         <size>0x0</size>
         <contents>
         </contents>
      </logical_group>
      <logical_group id="lg-2b" display="no" color="cyan">
         <name>.reset</name>
         <load_address>0x3fffc0</load_address>
         <run_address>0x3fffc0</run_address>
         <size>0x2</size>
         <contents>
            <object_component_ref idref="oc-71"/>
         </contents>
      </logical_group>
      <logical_group id="lg-2c" display="no" color="cyan">
         <name>.stack</name>
         <run_address>0x400</run_address>
         <size>0x200</size>
         <contents>
            <object_component_ref idref="oc-70"/>
            <object_component_ref idref="oc-124"/>
         </contents>
      </logical_group>
      <logical_group id="lg-2d" display="no" color="cyan">
         <name>.ebss</name>
         <run_address>0x700</run_address>
         <size>0x2d</size>
         <contents>
            <object_component_ref idref="oc-3a"/>
            <object_component_ref idref="oc-58"/>
            <object_component_ref idref="oc-78"/>
            <object_component_ref idref="oc-7f"/>
         </contents>
      </logical_group>
      <logical_group id="lg-2e" display="no" color="cyan">
         <name>.econst</name>
         <load_address>0x600</load_address>
         <run_address>0x600</run_address>
         <size>0x100</size>
         <contents>
            <object_component_ref idref="oc-b8"/>
         </contents>
      </logical_group>
      <logical_group id="lg-2f" display="no" color="cyan">
         <name>.esysmem</name>
         <run_address>0x0</run_address>
         <size>0x0</size>
         <contents>
         </contents>
      </logical_group>
      <logical_group id="lg-30" display="no" color="cyan">
         <name>IQmath</name>
         <run_address>0x0</run_address>
         <size>0x0</size>
         <contents>
         </contents>
      </logical_group>
      <logical_group id="lg-31" display="no" color="cyan">
         <name>IQmathTables</name>
         <run_address>0x0</run_address>
         <size>0x0</size>
         <contents>
         </contents>
      </logical_group>
      <logical_group id="lg-117" display="never" color="cyan">
         <name>.debug_info</name>
         <load_address>0x0</load_address>
         <run_address>0x0</run_address>
         <size>0x17421</size>
         <contents>
            <object_component_ref idref="oc-34"/>
            <object_component_ref idref="oc-38"/>
            <object_component_ref idref="oc-3f"/>
            <object_component_ref idref="oc-43"/>
            <object_component_ref idref="oc-47"/>
            <object_component_ref idref="oc-4b"/>
            <object_component_ref idref="oc-4f"/>
            <object_component_ref idref="oc-53"/>
            <object_component_ref idref="oc-57"/>
            <object_component_ref idref="oc-5c"/>
            <object_component_ref idref="oc-60"/>
            <object_component_ref idref="oc-68"/>
            <object_component_ref idref="oc-6b"/>
            <object_component_ref idref="oc-72"/>
            <object_component_ref idref="oc-76"/>
            <object_component_ref idref="oc-7d"/>
            <object_component_ref idref="oc-84"/>
            <object_component_ref idref="oc-128"/>
         </contents>
      </logical_group>
      <logical_group id="lg-119" display="never" color="cyan">
         <name>.debug_line</name>
         <load_address>0x0</load_address>
         <run_address>0x0</run_address>
         <size>0x1353</size>
         <contents>
            <object_component_ref idref="oc-35"/>
            <object_component_ref idref="oc-3d"/>
            <object_component_ref idref="oc-41"/>
            <object_component_ref idref="oc-45"/>
            <object_component_ref idref="oc-49"/>
            <object_component_ref idref="oc-4d"/>
            <object_component_ref idref="oc-51"/>
            <object_component_ref idref="oc-55"/>
            <object_component_ref idref="oc-5a"/>
            <object_component_ref idref="oc-5e"/>
            <object_component_ref idref="oc-62"/>
            <object_component_ref idref="oc-69"/>
            <object_component_ref idref="oc-6d"/>
            <object_component_ref idref="oc-73"/>
            <object_component_ref idref="oc-7a"/>
            <object_component_ref idref="oc-81"/>
            <object_component_ref idref="oc-86"/>
         </contents>
      </logical_group>
      <logical_group id="lg-11b" display="never" color="cyan">
         <name>.debug_abbrev</name>
         <load_address>0x0</load_address>
         <run_address>0x0</run_address>
         <size>0x1282</size>
         <contents>
            <object_component_ref idref="oc-36"/>
            <object_component_ref idref="oc-3e"/>
            <object_component_ref idref="oc-42"/>
            <object_component_ref idref="oc-46"/>
            <object_component_ref idref="oc-4a"/>
            <object_component_ref idref="oc-4e"/>
            <object_component_ref idref="oc-52"/>
            <object_component_ref idref="oc-56"/>
            <object_component_ref idref="oc-5b"/>
            <object_component_ref idref="oc-5f"/>
            <object_component_ref idref="oc-63"/>
            <object_component_ref idref="oc-6a"/>
            <object_component_ref idref="oc-6e"/>
            <object_component_ref idref="oc-74"/>
            <object_component_ref idref="oc-7b"/>
            <object_component_ref idref="oc-82"/>
            <object_component_ref idref="oc-87"/>
            <object_component_ref idref="oc-129"/>
         </contents>
      </logical_group>
      <logical_group id="lg-11d" display="never" color="cyan">
         <name>.debug_frame</name>
         <load_address>0x0</load_address>
         <run_address>0x0</run_address>
         <size>0x103c</size>
         <contents>
            <object_component_ref idref="oc-3c"/>
            <object_component_ref idref="oc-40"/>
            <object_component_ref idref="oc-44"/>
            <object_component_ref idref="oc-48"/>
            <object_component_ref idref="oc-4c"/>
            <object_component_ref idref="oc-50"/>
            <object_component_ref idref="oc-54"/>
            <object_component_ref idref="oc-59"/>
            <object_component_ref idref="oc-5d"/>
            <object_component_ref idref="oc-61"/>
            <object_component_ref idref="oc-6c"/>
            <object_component_ref idref="oc-79"/>
            <object_component_ref idref="oc-80"/>
            <object_component_ref idref="oc-85"/>
         </contents>
      </logical_group>
      <logical_group id="lg-11f" display="no" color="cyan">
         <name>csmpasswds</name>
         <load_address>0x82d8</load_address>
         <run_address>0x82d8</run_address>
         <size>0x8</size>
         <contents>
            <object_component_ref idref="oc-66"/>
         </contents>
      </logical_group>
      <logical_group id="lg-121" display="no" color="cyan">
         <name>csm_rsvd</name>
         <load_address>0x8262</load_address>
         <run_address>0x8262</run_address>
         <size>0x76</size>
         <contents>
            <object_component_ref idref="oc-67"/>
         </contents>
      </logical_group>
   </logical_group_list>
   <placement_map>
      <memory_area display="no" color="green">
         <name>BEGIN</name>
         <page_id>0x0</page_id>
         <origin>0x0</origin>
         <length>0x2</length>
         <used_space>0x2</used_space>
         <unused_space>0x0</unused_space>
         <attributes>RWIX</attributes>
         <usage_details>
            <allocated_space>
               <start_address>0x0</start_address>
               <size>0x2</size>
               <logical_group_ref idref="lg-25"/>
            </allocated_space>
         </usage_details>
      </memory_area>
      <memory_area display="yes" color="green">
         <name>RAMM0</name>
         <page_id>0x0</page_id>
         <origin>0x50</origin>
         <length>0x3b0</length>
         <used_space>0x3b0</used_space>
         <unused_space>0x0</unused_space>
         <attributes>RWIX</attributes>
         <usage_details>
            <allocated_space>
               <start_address>0x50</start_address>
               <size>0x3b0</size>
               <logical_group_ref idref="lg-126"/>
            </allocated_space>
         </usage_details>
      </memory_area>
      <memory_area display="yes" color="green">
         <name>RAML0</name>
         <page_id>0x0</page_id>
         <origin>0x8000</origin>
         <length>0x400</length>
         <used_space>0x2e0</used_space>
         <unused_space>0x120</unused_space>
         <attributes>RWIX</attributes>
         <usage_details>
            <allocated_space>
               <start_address>0x8000</start_address>
               <size>0x240</size>
               <logical_group_ref idref="lg-127"/>
            </allocated_space>
            <allocated_space>
               <start_address>0x8240</start_address>
               <size>0x1a</size>
               <logical_group_ref idref="lg-28"/>
            </allocated_space>
            <allocated_space>
               <start_address>0x825a</start_address>
               <size>0x8</size>
               <logical_group_ref idref="lg-125"/>
            </allocated_space>
            <allocated_space>
               <start_address>0x8262</start_address>
               <size>0x76</size>
               <logical_group_ref idref="lg-121"/>
            </allocated_space>
            <allocated_space>
               <start_address>0x82d8</start_address>
               <size>0x8</size>
               <logical_group_ref idref="lg-11f"/>
            </allocated_space>
            <available_space>
               <start_address>0x82e0</start_address>
               <size>0x120</size>
            </available_space>
         </usage_details>
      </memory_area>
      <memory_area display="yes" color="green">
         <name>IQTABLES</name>
         <page_id>0x0</page_id>
         <origin>0x3fe000</origin>
         <length>0xb50</length>
         <used_space>0x0</used_space>
         <unused_space>0xb50</unused_space>
         <attributes>RWIX</attributes>
         <usage_details>
         </usage_details>
      </memory_area>
      <memory_area display="yes" color="green">
         <name>IQTABLES2</name>
         <page_id>0x0</page_id>
         <origin>0x3feb50</origin>
         <length>0x8c</length>
         <used_space>0x0</used_space>
[...]
         <name>_senal</name>
         <value>0x710</value>
         <object_component_ref idref="oc-3a"/>
      </symbol>
      <symbol id="sm-9c">
         <name>_myGpio</name>
         <value>0x70e</value>
         <object_component_ref idref="oc-3a"/>
      </symbol>
      <symbol id="sm-9d">
         <name>_x</name>
         <value>0x702</value>
         <object_component_ref idref="oc-3a"/>
      </symbol>
      <symbol id="sm-9e">
         <name>_i</name>
         <value>0x703</value>
         <object_component_ref idref="oc-3a"/>
      </symbol>
      <symbol id="sm-9f">
         <name>_myClk</name>
         <value>0x70c</value>
         <object_component_ref idref="oc-3a"/>
      </symbol>
      <symbol id="sm-a0">
         <name>_myFlash</name>
         <value>0x704</value>
         <object_component_ref idref="oc-3a"/>
      </symbol>
      <symbol id="sm-a1">
         <name>_myTimer</name>
         <value>0x70a</value>
         <object_component_ref idref="oc-3a"/>
      </symbol>
      <symbol id="sm-ae">
         <name>_WDOG_init</name>
         <value>0x8118</value>
         <object_component_ref idref="oc-90"/>
      </symbol>
      <symbol id="sm-af">
         <name>_WDOG_disable</name>
         <value>0x80d1</value>
         <object_component_ref idref="oc-91"/>
      </symbol>
      <symbol id="sm-c8">
         <name>_TIMER_setEmulationMode</name>
         <value>0x8111</value>
         <object_component_ref idref="oc-a0"/>
      </symbol>
      <symbol id="sm-c9">
         <name>_TIMER_start</name>
         <value>0x8238</value>
         <object_component_ref idref="oc-a2"/>
      </symbol>
      <symbol id="sm-ca">
         <name>_TIMER_setPreScaler</name>
         <value>0x8026</value>
         <object_component_ref idref="oc-9e"/>
      </symbol>
      <symbol id="sm-cb">
         <name>_TIMER_setPeriod</name>
         <value>0x823e</value>
         <object_component_ref idref="oc-9d"/>
      </symbol>
      <symbol id="sm-cc">
         <name>_TIMER_init</name>
         <value>0x810a</value>
         <object_component_ref idref="oc-8f"/>
      </symbol>
      <symbol id="sm-cd">
         <name>_TIMER_reload</name>
         <value>0x8235</value>
         <object_component_ref idref="oc-9f"/>
      </symbol>
      <symbol id="sm-ce">
         <name>_TIMER_enableInt</name>
         <value>0x8232</value>
         <object_component_ref idref="oc-a1"/>
      </symbol>
      <symbol id="sm-cf">
         <name>_TIMER_stop</name>
         <value>0x823b</value>
         <object_component_ref idref="oc-9c"/>
      </symbol>
      <symbol id="sm-e8">
         <name>_PLL_getClkStatus</name>
         <value>0x822c</value>
         <object_component_ref idref="oc-b4"/>
      </symbol>
      <symbol id="sm-e9">
         <name>_PLL_setDivider</name>
         <value>0x8103</value>
         <object_component_ref idref="oc-b5"/>
      </symbol>
      <symbol id="sm-ea">
         <name>_PLL_init</name>
         <value>0x80fc</value>
         <object_component_ref idref="oc-8e"/>
      </symbol>
      <symbol id="sm-eb">
         <name>_PLL_getLockStatus</name>
         <value>0x822f</value>
         <object_component_ref idref="oc-b7"/>
      </symbol>
      <symbol id="sm-ec">
         <name>_PLL_setup</name>
         <value>0x3e5</value>
         <object_component_ref idref="oc-94"/>
      </symbol>
      <symbol id="sm-ed">
         <name>_PLL_setMultiplier</name>
         <value>0x3fa</value>
         <object_component_ref idref="oc-b6"/>
      </symbol>
      <symbol id="sm-10e">
         <name>_PIE_enable</name>
         <value>0x8226</value>
         <object_component_ref idref="oc-9a"/>
      </symbol>
      <symbol id="sm-10f">
         <name>_PIE_disableAllInts</name>
         <value>0x806e</value>
         <object_component_ref idref="oc-96"/>
      </symbol>
      <symbol id="sm-110">
         <name>_PIE_disable</name>
         <value>0x8223</value>
         <object_component_ref idref="oc-95"/>
      </symbol>
      <symbol id="sm-111">
         <name>_PIE_enableTimer0Int</name>
         <value>0x8229</value>
         <object_component_ref idref="oc-a8"/>
      </symbol>
      <symbol id="sm-112">
         <name>_PIE_registerPieIntHandler</name>
         <value>0x807d</value>
         <object_component_ref idref="oc-9b"/>
      </symbol>
      <symbol id="sm-113">
         <name>_PIE_init</name>
         <value>0x80c9</value>
         <object_component_ref idref="oc-8d"/>
      </symbol>
      <symbol id="sm-114">
         <name>_PIE_setDebugIntVectorTable</name>
         <value>0x805d</value>
         <object_component_ref idref="oc-99"/>
      </symbol>
      <symbol id="sm-115">
         <name>_PIE_tableDebugInit</name>
         <value>0x600</value>
         <object_component_ref idref="oc-b8"/>
      </symbol>
      <symbol id="sm-131">
         <name>_GPIO_setLow</name>
         <value>0x8013</value>
         <object_component_ref idref="oc-a6"/>
      </symbol>
      <symbol id="sm-132">
         <name>_GPIO_setMode</name>
         <value>0x23b</value>
         <object_component_ref idref="oc-a3"/>
      </symbol>
      <symbol id="sm-133">
         <name>_GPIO_init</name>
         <value>0x80f5</value>
         <object_component_ref idref="oc-8c"/>
      </symbol>
      <symbol id="sm-134">
         <name>_GPIO_setDirection</name>
         <value>0x30b</value>
         <object_component_ref idref="oc-a4"/>
      </symbol>
      <symbol id="sm-135">
         <name>_GPIO_setHigh</name>
         <value>0x8000</value>
         <object_component_ref idref="oc-a5"/>
      </symbol>
      <symbol id="sm-140">
         <name>_FLASH_init</name>
         <value>0x80ee</value>
         <object_component_ref idref="oc-8b"/>
      </symbol>
      <symbol id="sm-157">
         <name>_CPU_disableGlobalInts</name>
         <value>0x821a</value>
         <object_component_ref idref="oc-97"/>
      </symbol>
      <symbol id="sm-158">
         <name>_CPU_enableGlobalInts</name>
         <value>0x8220</value>
         <object_component_ref idref="oc-a9"/>
      </symbol>
      <symbol id="sm-159">
         <name>_CPU_clearIntFlags</name>
         <value>0x8217</value>
         <object_component_ref idref="oc-98"/>
      </symbol>
      <symbol id="sm-15a">
         <name>_CPU_init</name>
         <value>0x8213</value>
         <object_component_ref idref="oc-8a"/>
      </symbol>
      <symbol id="sm-15b">
         <name>_cpu</name>
         <value>0x72c</value>
         <object_component_ref idref="oc-58"/>
      </symbol>
      <symbol id="sm-15c">
         <name>_CPU_enableDebugInt</name>
         <value>0x821d</value>
         <object_component_ref idref="oc-aa"/>
      </symbol>
      <symbol id="sm-15d">
         <name>_CPU_enableInt</name>
         <value>0x820f</value>
         <object_component_ref idref="oc-a7"/>
      </symbol>
      <symbol id="sm-16c">
         <name>_CLK_enableAdcClock</name>
         <value>0x80d9</value>
         <object_component_ref idref="oc-92"/>
      </symbol>
      <symbol id="sm-16d">
         <name>_CLK_setOscSrc</name>
         <value>0x80e7</value>
         <object_component_ref idref="oc-93"/>
      </symbol>
      <symbol id="sm-16e">
         <name>_CLK_init</name>
         <value>0x80e0</value>
         <object_component_ref idref="oc-89"/>
      </symbol>
      <symbol id="sm-18b">
         <name>_ADC_setVoltRefSrc</name>
         <value>0x8039</value>
         <object_component_ref idref="oc-af"/>
      </symbol>
      <symbol id="sm-18c">
         <name>_ADC_enableBandGap</name>
         <value>0x8097</value>
         <object_component_ref idref="oc-ab"/>
      </symbol>
      <symbol id="sm-18d">
         <name>_ADC_enableRefBuffers</name>
         <value>0x80a2</value>
         <object_component_ref idref="oc-ac"/>
      </symbol>
      <symbol id="sm-18e">
         <name>_ADC_setSocSampleWindow</name>
         <value>0x37f</value>
         <object_component_ref idref="oc-b1"/>
      </symbol>
      <symbol id="sm-18f">
         <name>_ADC_setSocChanNumber</name>
         <value>0x363</value>
         <object_component_ref idref="oc-b0"/>
      </symbol>
      <symbol id="sm-190">
         <name>_ADC_powerUp</name>
         <value>0x80ad</value>
         <object_component_ref idref="oc-ad"/>
      </symbol>
      <symbol id="sm-191">
         <name>_ADC_setIntSrc</name>
         <value>0x33f</value>
         <object_component_ref idref="oc-b2"/>
      </symbol>
      <symbol id="sm-192">
         <name>_ADC_init</name>
         <value>0x80c1</value>
         <object_component_ref idref="oc-88"/>
      </symbol>
      <symbol id="sm-193">
         <name>_ADC_enable</name>
         <value>0x808c</value>
         <object_component_ref idref="oc-ae"/>
      </symbol>
      <symbol id="sm-194">
         <name>_ADC_enableInt</name>
         <value>0x3cd</value>
         <object_component_ref idref="oc-b3"/>
      </symbol>
      <symbol id="sm-1a5">
         <name>_setDBGIER</name>
         <value>0x8053</value>
         <object_component_ref idref="oc-64"/>
      </symbol>
      <symbol id="sm-1a6">
         <name>_DSP28x_DisableInt</name>
         <value>0x8056</value>
         <object_component_ref idref="oc-64"/>
      </symbol>
      <symbol id="sm-1a7">
         <name>_DSP28x_RestoreInt</name>
         <value>0x805a</value>
         <object_component_ref idref="oc-64"/>
      </symbol>
      <symbol id="sm-1a8">
         <name>_DSP28x_usDelay</name>
         <value>0x825a</value>
         <object_component_ref idref="oc-65"/>
      </symbol>
      <symbol id="sm-1a9">
         <name>code_start</name>
         <value>0x0</value>
         <object_component_ref idref="oc-32"/>
      </symbol>
      <symbol id="sm-29f">
         <name>_ILLEGAL_ISR</name>
         <value>0x8183</value>
         <object_component_ref idref="oc-c0"/>
      </symbol>
      <symbol id="sm-2a0">
         <name>_ADCINT4_ISR</name>
         <value>0x812e</value>
         <object_component_ref idref="oc-e3"/>
      </symbol>
      <symbol id="sm-2a1">
         <name>_DATALOG_ISR</name>
         <value>0x814c</value>
         <object_component_ref idref="oc-bc"/>
      </symbol>
      <symbol id="sm-2a2">
         <name>_SPITXINTA_ISR</name>
         <value>0x81b0</value>
         <object_component_ref idref="oc-dd"/>
      </symbol>
      <symbol id="sm-2a3">
         <name>_SPIRXINTA_ISR</name>
         <value>0x81ab</value>
         <object_component_ref idref="oc-dc"/>
      </symbol>
      <symbol id="sm-2a4">
         <name>_INT13_ISR</name>
         <value>0x8188</value>
         <object_component_ref idref="oc-ba"/>
      </symbol>
      <symbol id="sm-2a5">
         <name>_ADCINT5_ISR</name>
         <value>0x8133</value>
         <object_component_ref idref="oc-e4"/>
      </symbol>
      <symbol id="sm-2a6">
         <name>_USER5_ISR</name>
         <value>0x81dd</value>
         <object_component_ref idref="oc-c5"/>
      </symbol>
      <symbol id="sm-2a7">
         <name>_EMUINT_ISR</name>
         <value>0x8156</value>
         <object_component_ref idref="oc-be"/>
      </symbol>
      <symbol id="sm-2a8">
         <name>_ECAP1_INT_ISR</name>
         <value>0x8151</value>
         <object_component_ref idref="oc-db"/>
      </symbol>
      <symbol id="sm-2a9">
         <name>_EPWM1_TZINT_ISR</name>
         <value>0x8160</value>
         <object_component_ref idref="oc-d5"/>
      </symbol>
      <symbol id="sm-2aa">
         <name>_ADCINT6_ISR</name>
         <value>0x8138</value>
         <object_component_ref idref="oc-e5"/>
      </symbol>
      <symbol id="sm-2ab">
         <name>_ADCINT8_ISR</name>
         <value>0x8142</value>
         <object_component_ref idref="oc-e7"/>
      </symbol>
      <symbol id="sm-2ac">
         <name>_USER11_ISR</name>
         <value>0x81bf</value>
         <object_component_ref idref="oc-cb"/>
      </symbol>
      <symbol id="sm-2ad">
         <name>_EPWM3_TZINT_ISR</name>
         <value>0x8174</value>
         <object_component_ref idref="oc-d7"/>
      </symbol>
      <symbol id="sm-2ae">
         <name>_USER4_ISR</name>
         <value>0x81d8</value>
         <object_component_ref idref="oc-c4"/>
      </symbol>
      <symbol id="sm-2af">
         <name>_EPWM2_TZINT_ISR</name>
         <value>0x816a</value>
         <object_component_ref idref="oc-d6"/>
      </symbol>
      <symbol id="sm-2b0">
         <name>_EPWM2_INT_ISR</name>
         <value>0x8165</value>
         <object_component_ref idref="oc-d9"/>
      </symbol>
      <symbol id="sm-2b1">
         <name>_TINT0_ISR</name>
         <value>0x81b5</value>
         <object_component_ref idref="oc-d3"/>
      </symbol>
      <symbol id="sm-2b2">
         <name>_WAKEINT_ISR</name>
         <value>0x81f6</value>
         <object_component_ref idref="oc-d4"/>
      </symbol>
      <symbol id="sm-2b3">
         <name>_ADCINT7_ISR</name>
         <value>0x813d</value>
         <object_component_ref idref="oc-e6"/>
      </symbol>
      <symbol id="sm-2b4">
         <name>_ADCINT9_ISR</name>
         <value>0x8147</value>
         <object_component_ref idref="oc-d2"/>
      </symbol>
      <symbol id="sm-2b5">
         <name>_USER10_ISR</name>
         <value>0x81ba</value>
         <object_component_ref idref="oc-ca"/>
      </symbol>
      <symbol id="sm-2b6">
         <name>_USER7_ISR</name>
         <value>0x81e7</value>
         <object_component_ref idref="oc-c7"/>
      </symbol>
      <symbol id="sm-2b7">
         <name>_XINT1_ISR</name>
         <value>0x81fb</value>
         <object_component_ref idref="oc-d0"/>
      </symbol>
      <symbol id="sm-2b8">
         <name>_INT14_ISR</name>
         <value>0x818d</value>
         <object_component_ref idref="oc-bb"/>
      </symbol>
      <symbol id="sm-2b9">
         <name>_USER6_ISR</name>
         <value>0x81e2</value>
         <object_component_ref idref="oc-c6"/>
      </symbol>
      <symbol id="sm-2ba">
         <name>_ADCINT1_ISR</name>
         <value>0x811f</value>
         <object_component_ref idref="oc-cd"/>
      </symbol>
      <symbol id="sm-2bb">
         <name>_USER12_ISR</name>
         <value>0x81c4</value>
         <object_component_ref idref="oc-cc"/>
      </symbol>
      <symbol id="sm-2bc">
         <name>_USER1_ISR</name>
         <value>0x81c9</value>
         <object_component_ref idref="oc-c1"/>
      </symbol>
      <symbol id="sm-2bd">
         <name>_XINT3_ISR</name>
         <value>0x8205</value>
         <object_component_ref idref="oc-e8"/>
      </symbol>
      <symbol id="sm-2be">
         <name>_NMI_ISR</name>
         <value>0x8192</value>
         <object_component_ref idref="oc-bf"/>
      </symbol>
      <symbol id="sm-2bf">
         <name>_ADCINT2_ISR</name>
         <value>0x8124</value>
         <object_component_ref idref="oc-ce"/>
      </symbol>
      <symbol id="sm-2c0">
         <name>_PIE_RESERVED</name>
         <value>0x8197</value>
         <object_component_ref idref="oc-b9"/>
      </symbol>
      <symbol id="sm-2c1">
         <name>_I2CINT1A_ISR</name>
         <value>0x8179</value>
         <object_component_ref idref="oc-de"/>
      </symbol>
      <symbol id="sm-2c2">
         <name>_XINT2_ISR</name>
         <value>0x8200</value>
         <object_component_ref idref="oc-d1"/>
      </symbol>
      <symbol id="sm-2c3">
         <name>_I2CINT2A_ISR</name>
         <value>0x817e</value>
         <object_component_ref idref="oc-df"/>
      </symbol>
      <symbol id="sm-2c4">
         <name>_RTOSINT_ISR</name>
         <value>0x819c</value>
         <object_component_ref idref="oc-bd"/>
      </symbol>
      <symbol id="sm-2c5">
         <name>_EPWM3_INT_ISR</name>
         <value>0x816f</value>
         <object_component_ref idref="oc-da"/>
      </symbol>
      <symbol id="sm-2c6">
         <name>_ADCINT3_ISR</name>
         <value>0x8129</value>
         <object_component_ref idref="oc-e2"/>
      </symbol>
      <symbol id="sm-2c7">
         <name>_USER9_ISR</name>
         <value>0x81f1</value>
         <object_component_ref idref="oc-c9"/>
      </symbol>
      <symbol id="sm-2c8">
         <name>_USER3_ISR</name>
         <value>0x81d3</value>
         <object_component_ref idref="oc-c3"/>
      </symbol>
      <symbol id="sm-2c9">
         <name>_USER8_ISR</name>
         <value>0x81ec</value>
         <object_component_ref idref="oc-c8"/>
      </symbol>
      <symbol id="sm-2ca">
         <name>_EPWM1_INT_ISR</name>
         <value>0x815b</value>
         <object_component_ref idref="oc-d8"/>
      </symbol>
      <symbol id="sm-2cb">
         <name>_USER2_ISR</name>
         <value>0x81ce</value>
         <object_component_ref idref="oc-c2"/>
      </symbol>
      <symbol id="sm-2cc">
         <name>_SCITXINTA_ISR</name>
         <value>0x81a6</value>
         <object_component_ref idref="oc-e1"/>
      </symbol>
      <symbol id="sm-2cd">
         <name>_SCIRXINTA_ISR</name>
         <value>0x81a1</value>
         <object_component_ref idref="oc-e0"/>
      </symbol>
      <symbol id="sm-2ce">
         <name>_rsvd_ISR</name>
         <value>0x820a</value>
         <object_component_ref idref="oc-cf"/>
      </symbol>
      <symbol id="sm-2e2">
         <name>_c_int00</name>
         <value>0x284</value>
         <object_component_ref idref="oc-6f"/>
      </symbol>
      <symbol id="sm-2e3">
         <name>__stack</name>
         <value>0x400</value>
         <object_component_ref idref="oc-70"/>
      </symbol>
      <symbol id="sm-2f4">
         <name>C$$EXIT</name>
         <value>0x3b4</value>
         <object_component_ref idref="oc-75"/>
      </symbol>
      <symbol id="sm-2f5">
         <name>_exit</name>
         <value>0x3b6</value>
         <object_component_ref idref="oc-75"/>
      </symbol>
      <symbol id="sm-2f6">
         <name>___TI_cleanup_ptr</name>
         <value>0x728</value>
         <object_component_ref idref="oc-78"/>
      </symbol>
      <symbol id="sm-2f7">
         <name>_abort</name>
         <value>0x3b4</value>
         <object_component_ref idref="oc-75"/>
      </symbol>
      <symbol id="sm-2f8">
         <name>___TI_dtors_ptr</name>
         <value>0x72a</value>
         <object_component_ref idref="oc-78"/>
      </symbol>
      <symbol id="sm-306">
         <name>__unlock</name>
         <value>0x724</value>
         <object_component_ref idref="oc-7f"/>
      </symbol>
      <symbol id="sm-307">
         <name>__lock</name>
         <value>0x726</value>
         <object_component_ref idref="oc-7f"/>
      </symbol>
      <symbol id="sm-308">
         <name>__register_lock</name>
         <value>0x80bc</value>
         <object_component_ref idref="oc-7c"/>
      </symbol>
      <symbol id="sm-309">
         <name>__nop</name>
         <value>0x80c0</value>
         <object_component_ref idref="oc-7c"/>
      </symbol>
      <symbol id="sm-30a">
         <name>__register_unlock</name>
         <value>0x80b8</value>
         <object_component_ref idref="oc-7c"/>
      </symbol>
      <symbol id="sm-316">
         <name>__args_main</name>
         <value>0x39b</value>
         <object_component_ref idref="oc-83"/>
      </symbol>
      <symbol id="sm-317">
         <name>__TI_args_main</name>
         <value>0x1</value>
      </symbol>
   </symbol_table>
   <title>Link successful</title>
</link_info>
