******************************************************************************
             TMS320C2000 Linker PC v6.2.0                      
******************************************************************************
>> Linked Thu Mar 19 13:23:09 2015

OUTPUT FILE NAME:   <Example_F2802xLEDBlink.out>
ENTRY POINT SYMBOL: "code_start"  address: 00000000


MEMORY CONFIGURATION

         name            origin    length      used     unused   attr    fill
----------------------  --------  ---------  --------  --------  ----  --------
PAGE 0:
  BEGIN                 00000000   00000002  00000002  00000000  RWIX
  RAMM0                 00000050   000003b0  000003b0  00000000  RWIX
  RAML0                 00008000   00000400  000002e0  00000120  RWIX
  IQTABLES              003fe000   00000b50  00000000  00000b50  RWIX
  IQTABLES2             003feb50   0000008c  00000000  0000008c  RWIX
  IQTABLES3             003febdc   000000aa  00000000  000000aa  RWIX
  BOOTROM               003ff27c   00000d44  00000000  00000d44  RWIX
  RESET                 003fffc0   00000002  00000000  00000002  RWIX

PAGE 1:
  BOOT_RSVD             00000002   0000004e  00000000  0000004e  RWIX
  RAMM1                 00000400   00000400  0000032d  000000d3  RWIX
  DEV_EMU               00000880   00000105  00000000  00000105  RWIX
  SYS_PWR_CTL           00000985   00000003  00000000  00000003  RWIX
  FLASH_REGS            00000a80   00000060  00000000  00000060  RWIX
  CSM                   00000ae0   00000010  00000000  00000010  RWIX
  ADC_RESULT            00000b00   00000020  00000000  00000020  RWIX
  CPU_TIMER0            00000c00   00000008  00000000  00000008  RWIX
  CPU_TIMER1            00000c08   00000008  00000000  00000008  RWIX
  CPU_TIMER2            00000c10   00000008  00000000  00000008  RWIX
  PIE_CTRL              00000ce0   00000020  00000000  00000020  RWIX
  PIE_VECT              00000d00   00000100  00000000  00000100  RWIX
  COMP1                 00006400   00000020  00000000  00000020  RWIX
  COMP2                 00006420   00000020  00000000  00000020  RWIX
  EPWM1                 00006800   00000040  00000000  00000040  RWIX
  EPWM2                 00006840   00000040  00000000  00000040  RWIX
  EPWM3                 00006880   00000040  00000000  00000040  RWIX
  EPWM4                 000068c0   00000040  00000000  00000040  RWIX
  ECAP1                 00006a00   00000020  00000000  00000020  RWIX
  GPIOCTRL              00006f80   00000040  00000000  00000040  RWIX
  GPIODAT               00006fc0   00000020  00000000  00000020  RWIX
  GPIOINT               00006fe0   00000020  00000000  00000020  RWIX
  SYSTEM                00007010   00000020  00000000  00000020  RWIX
  SPIA                  00007040   00000010  00000000  00000010  RWIX
  SCIA                  00007050   00000010  00000000  00000010  RWIX
  NMIINTRUPT            00007060   00000010  00000000  00000010  RWIX
  XINTRUPT              00007070   00000010  00000000  00000010  RWIX
  ADC                   00007100   00000080  00000000  00000080  RWIX
  I2CA                  00007900   00000040  00000000  00000040  RWIX
  PARTID                003d7fff   00000001  00000000  00000001  RWIX
  CSM_PWL               003f7ff8   00000008  00000000  00000008  RWIX


SECTION ALLOCATION MAP

 output                                  attributes/
section   page    origin      length       input sections
--------  ----  ----------  ----------   ----------------
codestart 
*          0    00000000    00000002     
                  00000000    00000002     driverlib.lib : F2802x_asmfuncs.obj (codestart)

.pinit     0    00000050    00000000     UNINITIALIZED

.text.1    0    00000050    000003b0     
                  00000050    000001eb     Example_2802xLEDBlink.obj (.text)
                  0000023b    00000049     driverlib.lib : gpio.obj (.text:_GPIO_setMode)
                  00000284    00000044     rts2800_ml.lib : boot.obj (.text)
                  000002c8    00000043     Example_2802xLEDBlink.obj (.text:retain)
                  0000030b    00000034     driverlib.lib : gpio.obj (.text:_GPIO_setDirection)
                  0000033f    00000024                   : adc.obj (.text:_ADC_setIntSrc)
                  00000363    0000001c                   : adc.obj (.text:_ADC_setSocChanNumber)
                  0000037f    0000001c                   : adc.obj (.text:_ADC_setSocSampleWindow)
                  0000039b    00000019     rts2800_ml.lib : args_main.obj (.text)
                  000003b4    00000019                    : exit.obj (.text)
                  000003cd    00000018     driverlib.lib : adc.obj (.text:_ADC_enableInt)
                  000003e5    00000015                   : pll.obj (.text:_PLL_setup)
                  000003fa    00000006                   : pll.obj (.text:_PLL_setMultiplier)

.text.2    0    00008000    00000240     
                  00008000    00000013     driverlib.lib : gpio.obj (.text:_GPIO_setHigh)
                  00008013    00000013                   : gpio.obj (.text:_GPIO_setLow)
                  00008026    00000013                   : timer.obj (.text:_TIMER_setPreScaler)
                  00008039    00000012                   : adc.obj (.text:_ADC_setVoltRefSrc)
                  0000804b    00000012                   : F2802x_asmfuncs.obj (.text)
                  0000805d    00000011                   : pie.obj (.text:_PIE_setDebugIntVectorTable)
                  0000806e    0000000f                   : pie.obj (.text:_PIE_disableAllInts)
                  0000807d    0000000f                   : pie.obj (.text:_PIE_registerPieIntHandler)
                  0000808c    0000000b                   : adc.obj (.text:_ADC_enable)
                  00008097    0000000b                   : adc.obj (.text:_ADC_enableBandGap)
                  000080a2    0000000b                   : adc.obj (.text:_ADC_enableRefBuffers)
                  000080ad    0000000b                   : adc.obj (.text:_ADC_powerUp)
                  000080b8    00000009     rts2800_ml.lib : _lock.obj (.text)
                  000080c1    00000008     driverlib.lib : adc.obj (.text:_ADC_init)
                  000080c9    00000008                   : pie.obj (.text:_PIE_init)
                  000080d1    00000008                   : wdog.obj (.text:_WDOG_disable)
                  000080d9    00000007                   : clk.obj (.text:_CLK_enableAdcClock)
                  000080e0    00000007                   : clk.obj (.text:_CLK_init)
                  000080e7    00000007                   : clk.obj (.text:_CLK_setOscSrc)
                  000080ee    00000007                   : flash.obj (.text:_FLASH_init)
                  000080f5    00000007                   : gpio.obj (.text:_GPIO_init)
                  000080fc    00000007                   : pll.obj (.text:_PLL_init)
                  00008103    00000007                   : pll.obj (.text:_PLL_setDivider)
                  0000810a    00000007                   : timer.obj (.text:_TIMER_init)
                  00008111    00000007                   : timer.obj (.text:_TIMER_setEmulationMode)
                  00008118    00000007                   : wdog.obj (.text:_WDOG_init)
                  0000811f    00000005                   : F2802x_DefaultIsr.obj (.text:_ADCINT1_ISR)
                  00008124    00000005                   : F2802x_DefaultIsr.obj (.text:_ADCINT2_ISR)
                  00008129    00000005                   : F2802x_DefaultIsr.obj (.text:_ADCINT3_ISR)
                  0000812e    00000005                   : F2802x_DefaultIsr.obj (.text:_ADCINT4_ISR)
                  00008133    00000005                   : F2802x_DefaultIsr.obj (.text:_ADCINT5_ISR)
                  00008138    00000005                   : F2802x_DefaultIsr.obj (.text:_ADCINT6_ISR)
                  0000813d    00000005                   : F2802x_DefaultIsr.obj (.text:_ADCINT7_ISR)
                  00008142    00000005                   : F2802x_DefaultIsr.obj (.text:_ADCINT8_ISR)
                  00008147    00000005                   : F2802x_DefaultIsr.obj (.text:_ADCINT9_ISR)
                  0000814c    00000005                   : F2802x_DefaultIsr.obj (.text:_DATALOG_ISR)
                  00008151    00000005                   : F2802x_DefaultIsr.obj (.text:_ECAP1_INT_ISR)
                  00008156    00000005                   : F2802x_DefaultIsr.obj (.text:_EMUINT_ISR)
                  0000815b    00000005                   : F2802x_DefaultIsr.obj (.text:_EPWM1_INT_ISR)
                  00008160    00000005                   : F2802x_DefaultIsr.obj (.text:_EPWM1_TZINT_ISR)
                  00008165    00000005                   : F2802x_DefaultIsr.obj (.text:_EPWM2_INT_ISR)
                  0000816a    00000005                   : F2802x_DefaultIsr.obj (.text:_EPWM2_TZINT_ISR)
                  0000816f    00000005                   : F2802x_DefaultIsr.obj (.text:_EPWM3_INT_ISR)
                  00008174    00000005                   : F2802x_DefaultIsr.obj (.text:_EPWM3_TZINT_ISR)
                  00008179    00000005                   : F2802x_DefaultIsr.obj (.text:_I2CINT1A_ISR)
                  0000817e    00000005                   : F2802x_DefaultIsr.obj (.text:_I2CINT2A_ISR)
                  00008183    00000005                   : F2802x_DefaultIsr.obj (.text:_ILLEGAL_ISR)
                  00008188    00000005                   : F2802x_DefaultIsr.obj (.text:_INT13_ISR)
                  0000818d    00000005                   : F2802x_DefaultIsr.obj (.text:_INT14_ISR)
                  00008192    00000005                   : F2802x_DefaultIsr.obj (.text:_NMI_ISR)
                  00008197    00000005                   : F2802x_DefaultIsr.obj (.text:_PIE_RESERVED)
                  0000819c    00000005                   : F2802x_DefaultIsr.obj (.text:_RTOSINT_ISR)
                  000081a1    00000005                   : F2802x_DefaultIsr.obj (.text:_SCIRXINTA_ISR)
                  000081a6    00000005                   : F2802x_DefaultIsr.obj (.text:_SCITXINTA_ISR)
                  000081ab    00000005                   : F2802x_DefaultIsr.obj (.text:_SPIRXINTA_ISR)
                  000081b0    00000005                   : F2802x_DefaultIsr.obj (.text:_SPITXINTA_ISR)
                  000081b5    00000005                   : F2802x_DefaultIsr.obj (.text:_TINT0_ISR)
                  000081ba    00000005                   : F2802x_DefaultIsr.obj (.text:_USER10_ISR)
                  000081bf    00000005                   : F2802x_DefaultIsr.obj (.text:_USER11_ISR)
                  000081c4    00000005                   : F2802x_DefaultIsr.obj (.text:_USER12_ISR)
                  000081c9    00000005                   : F2802x_DefaultIsr.obj (.text:_USER1_ISR)
                  000081ce    00000005                   : F2802x_DefaultIsr.obj (.text:_USER2_ISR)
                  000081d3    00000005                   : F2802x_DefaultIsr.obj (.text:_USER3_ISR)
                  000081d8    00000005                   : F2802x_DefaultIsr.obj (.text:_USER4_ISR)
                  000081dd    00000005                   : F2802x_DefaultIsr.obj (.text:_USER5_ISR)
                  000081e2    00000005                   : F2802x_DefaultIsr.obj (.text:_USER6_ISR)
                  000081e7    00000005                   : F2802x_DefaultIsr.obj (.text:_USER7_ISR)
                  000081ec    00000005                   : F2802x_DefaultIsr.obj (.text:_USER8_ISR)
                  000081f1    00000005                   : F2802x_DefaultIsr.obj (.text:_USER9_ISR)
                  000081f6    00000005                   : F2802x_DefaultIsr.obj (.text:_WAKEINT_ISR)
                  000081fb    00000005                   : F2802x_DefaultIsr.obj (.text:_XINT1_ISR)
                  00008200    00000005                   : F2802x_DefaultIsr.obj (.text:_XINT2_ISR)
                  00008205    00000005                   : F2802x_DefaultIsr.obj (.text:_XINT3_ISR)
                  0000820a    00000005                   : F2802x_DefaultIsr.obj (.text:_rsvd_ISR)
                  0000820f    00000004                   : cpu.obj (.text:_CPU_enableInt)
                  00008213    00000004                   : cpu.obj (.text:_CPU_init)
                  00008217    00000003                   : cpu.obj (.text:_CPU_clearIntFlags)
                  0000821a    00000003                   : cpu.obj (.text:_CPU_disableGlobalInts)
                  0000821d    00000003                   : cpu.obj (.text:_CPU_enableDebugInt)
                  00008220    00000003                   : cpu.obj (.text:_CPU_enableGlobalInts)
                  00008223    00000003                   : pie.obj (.text:_PIE_disable)
                  00008226    00000003                   : pie.obj (.text:_PIE_enable)
                  00008229    00000003                   : pie.obj (.text:_PIE_enableTimer0Int)
                  0000822c    00000003                   : pll.obj (.text:_PLL_getClkStatus)
                  0000822f    00000003                   : pll.obj (.text:_PLL_getLockStatus)
                  00008232    00000003                   : timer.obj (.text:_TIMER_enableInt)
                  00008235    00000003                   : timer.obj (.text:_TIMER_reload)
                  00008238    00000003                   : timer.obj (.text:_TIMER_start)
                  0000823b    00000003                   : timer.obj (.text:_TIMER_stop)
                  0000823e    00000002                   : timer.obj (.text:_TIMER_setPeriod)

.cinit     0    00008240    0000001a     
                  00008240    0000000a     rts2800_ml.lib : _lock.obj (.cinit)
                  0000824a    0000000a                    : exit.obj (.cinit)
                  00008254    00000004     Example_2802xLEDBlink.obj (.cinit)
                  00008258    00000002     --HOLE-- [fill = 0]

ramfuncs   0    0000825a    00000008     
                  0000825a    00000004     driverlib.lib : F2802x_asmfuncs.obj (ramfuncs)
                  0000825e    00000004     test.obj (ramfuncs)

csm_rsvd   0    00008262    00000076     
                  00008262    00000076     driverlib.lib : F2802x_asmfuncs.obj (csm_rsvd)

csmpasswds 
*          0    000082d8    00000008     
                  000082d8    00000008     driverlib.lib : F2802x_asmfuncs.obj (csmpasswds)

.reset     0    003fffc0    00000002     DSECT
                  003fffc0    00000002     rts2800_ml.lib : boot.obj (.reset)

.stack     1    00000400    00000200     UNINITIALIZED
                  00000400    00000200     --HOLE--

.econst    1    00000600    00000100     
                  00000600    00000100     driverlib.lib : pie.obj (.econst:_PIE_tableDebugInit)

.ebss      1    00000700    0000002d     UNINITIALIZED
                  00000700    00000024     Example_2802xLEDBlink.obj (.ebss)
                  00000724    00000004     rts2800_ml.lib : _lock.obj (.ebss)
                  00000728    00000004                    : exit.obj (.ebss)
                  0000072c    00000001     driverlib.lib : cpu.obj (.ebss)


GLOBAL DATA SYMBOLS: SORTED BY DATA PAGE

address     data page           name
--------    ----------------    ----
00000400      10 (00000400)     __stack

00000600      18 (00000600)     _PIE_tableDebugInit

00000700      1c (00000700)     _fin
00000701      1c (00000700)     _inicio
00000702      1c (00000700)     _x
00000703      1c (00000700)     _i
00000704      1c (00000700)     _myFlash
00000706      1c (00000700)     _myAdc
00000708      1c (00000700)     _myPie
0000070a      1c (00000700)     _myTimer
0000070c      1c (00000700)     _myClk
0000070e      1c (00000700)     _myGpio
00000710      1c (00000700)     _senal
00000724      1c (00000700)     __unlock
00000726      1c (00000700)     __lock
00000728      1c (00000700)     ___TI_cleanup_ptr
0000072a      1c (00000700)     ___TI_dtors_ptr
0000072c      1c (00000700)     _cpu


GLOBAL SYMBOLS: SORTED ALPHABETICALLY BY Name 

address    name
--------   ----
ffffffff   .text
000003b4   C$$EXIT
0000811f   _ADCINT1_ISR
00008124   _ADCINT2_ISR
00008129   _ADCINT3_ISR
0000812e   _ADCINT4_ISR
00008133   _ADCINT5_ISR
00008138   _ADCINT6_ISR
0000813d   _ADCINT7_ISR
00008142   _ADCINT8_ISR
00008147   _ADCINT9_ISR
0000808c   _ADC_enable
00008097   _ADC_enableBandGap
000003cd   _ADC_enableInt
000080a2   _ADC_enableRefBuffers
000080c1   _ADC_init
000080ad   _ADC_powerUp
0000033f   _ADC_setIntSrc
00000363   _ADC_setSocChanNumber
0000037f   _ADC_setSocSampleWindow
00008039   _ADC_setVoltRefSrc
000080d9   _CLK_enableAdcClock
000080e0   _CLK_init
000080e7   _CLK_setOscSrc
00008217   _CPU_clearIntFlags
0000821a   _CPU_disableGlobalInts
0000821d   _CPU_enableDebugInt
00008220   _CPU_enableGlobalInts
0000820f   _CPU_enableInt
00008213   _CPU_init
0000814c   _DATALOG_ISR
00008056   _DSP28x_DisableInt
0000805a   _DSP28x_RestoreInt
0000825a   _DSP28x_usDelay
00008151   _ECAP1_INT_ISR
00008156   _EMUINT_ISR
0000815b   _EPWM1_INT_ISR
00008160   _EPWM1_TZINT_ISR
00008165   _EPWM2_INT_ISR
0000816a   _EPWM2_TZINT_ISR
0000816f   _EPWM3_INT_ISR
00008174   _EPWM3_TZINT_ISR
000080ee   _FLASH_init
000080f5   _GPIO_init
0000030b   _GPIO_setDirection
00008000   _GPIO_setHigh
00008013   _GPIO_setLow
0000023b   _GPIO_setMode
00008179   _I2CINT1A_ISR
0000817e   _I2CINT2A_ISR
00008183   _ILLEGAL_ISR
00008188   _INT13_ISR
0000818d   _INT14_ISR
00008192   _NMI_ISR
00008197   _PIE_RESERVED
00008223   _PIE_disable
0000806e   _PIE_disableAllInts
00008226   _PIE_enable
00008229   _PIE_enableTimer0Int
000080c9   _PIE_init
0000807d   _PIE_registerPieIntHandler
0000805d   _PIE_setDebugIntVectorTable
00000600   _PIE_tableDebugInit
0000822c   _PLL_getClkStatus
0000822f   _PLL_getLockStatus
000080fc   _PLL_init
00008103   _PLL_setDivider
000003fa   _PLL_setMultiplier
000003e5   _PLL_setup
0000819c   _RTOSINT_ISR
000081a1   _SCIRXINTA_ISR
000081a6   _SCITXINTA_ISR
000081ab   _SPIRXINTA_ISR
000081b0   _SPITXINTA_ISR
00008232   _TIMER_enableInt
0000810a   _TIMER_init
00008235   _TIMER_reload
00008111   _TIMER_setEmulationMode
0000823e   _TIMER_setPeriod
00008026   _TIMER_setPreScaler
00008238   _TIMER_start
0000823b   _TIMER_stop
000081b5   _TINT0_ISR
000081ba   _USER10_ISR
000081bf   _USER11_ISR
000081c4   _USER12_ISR
000081c9   _USER1_ISR
000081ce   _USER2_ISR
000081d3   _USER3_ISR
000081d8   _USER4_ISR
000081dd   _USER5_ISR
000081e2   _USER6_ISR
000081e7   _USER7_ISR
000081ec   _USER8_ISR
000081f1   _USER9_ISR
000081f6   _WAKEINT_ISR
000080d1   _WDOG_disable
00008118   _WDOG_init
000081fb   _XINT1_ISR
00008200   _XINT2_ISR
00008205   _XINT3_ISR
00000600   __STACK_END
00000200   __STACK_SIZE
00000001   __TI_args_main
00000728   ___TI_cleanup_ptr
0000072a   ___TI_dtors_ptr
ffffffff   ___binit__
ffffffff   ___c_args__
00008240   ___cinit__
ffffffff   ___etext__
ffffffff   ___pinit__
ffffffff   ___text__
0000039b   __args_main
00000726   __lock
000080c0   __nop
000080bc   __register_lock
000080b8   __register_unlock
00000400   __stack
00000724   __unlock
000003b4   _abort
00000284   _c_int00
000002c8   _conversion_filtrado
0000072c   _cpu
000003b6   _exit
00000700   _fin
00000703   _i
00000701   _inicio
00000095   _main
00000706   _myAdc
0000070c   _myClk
00000704   _myFlash
0000070e   _myGpio
00000708   _myPie
0000070a   _myTimer
0000820a   _rsvd_ISR
00000710   _senal
00008053   _setDBGIER
0000825e   _test
00000702   _x
ffffffff   binit
00008240   cinit
00000000   code_start
ffffffff   etext
ffffffff   pinit


GLOBAL SYMBOLS: SORTED BY Symbol Address 

address    name
--------   ----
00000000   code_start
00000001   __TI_args_main
00000095   _main
00000200   __STACK_SIZE
0000023b   _GPIO_setMode
00000284   _c_int00
000002c8   _conversion_filtrado
0000030b   _GPIO_setDirection
0000033f   _ADC_setIntSrc
00000363   _ADC_setSocChanNumber
0000037f   _ADC_setSocSampleWindow
0000039b   __args_main
000003b4   C$$EXIT
000003b4   _abort
000003b6   _exit
000003cd   _ADC_enableInt
000003e5   _PLL_setup
000003fa   _PLL_setMultiplier
00000400   __stack
00000600   _PIE_tableDebugInit
00000600   __STACK_END
00000700   _fin
00000701   _inicio
00000702   _x
00000703   _i
00000704   _myFlash
00000706   _myAdc
00000708   _myPie
0000070a   _myTimer
0000070c   _myClk
0000070e   _myGpio
00000710   _senal
00000724   __unlock
00000726   __lock
00000728   ___TI_cleanup_ptr
0000072a   ___TI_dtors_ptr
0000072c   _cpu
00008000   _GPIO_setHigh
00008013   _GPIO_setLow
00008026   _TIMER_setPreScaler
00008039   _ADC_setVoltRefSrc
00008053   _setDBGIER
00008056   _DSP28x_DisableInt
0000805a   _DSP28x_RestoreInt
0000805d   _PIE_setDebugIntVectorTable
0000806e   _PIE_disableAllInts
0000807d   _PIE_registerPieIntHandler
0000808c   _ADC_enable
00008097   _ADC_enableBandGap
000080a2   _ADC_enableRefBuffers
000080ad   _ADC_powerUp
000080b8   __register_unlock
000080bc   __register_lock
000080c0   __nop
000080c1   _ADC_init
000080c9   _PIE_init
000080d1   _WDOG_disable
000080d9   _CLK_enableAdcClock
000080e0   _CLK_init
000080e7   _CLK_setOscSrc
000080ee   _FLASH_init
000080f5   _GPIO_init
000080fc   _PLL_init
00008103   _PLL_setDivider
0000810a   _TIMER_init
00008111   _TIMER_setEmulationMode
00008118   _WDOG_init
0000811f   _ADCINT1_ISR
00008124   _ADCINT2_ISR
00008129   _ADCINT3_ISR
0000812e   _ADCINT4_ISR
00008133   _ADCINT5_ISR
00008138   _ADCINT6_ISR
0000813d   _ADCINT7_ISR
00008142   _ADCINT8_ISR
00008147   _ADCINT9_ISR
0000814c   _DATALOG_ISR
00008151   _ECAP1_INT_ISR
00008156   _EMUINT_ISR
0000815b   _EPWM1_INT_ISR
00008160   _EPWM1_TZINT_ISR
00008165   _EPWM2_INT_ISR
0000816a   _EPWM2_TZINT_ISR
0000816f   _EPWM3_INT_ISR
00008174   _EPWM3_TZINT_ISR
00008179   _I2CINT1A_ISR
0000817e   _I2CINT2A_ISR
00008183   _ILLEGAL_ISR
00008188   _INT13_ISR
0000818d   _INT14_ISR
00008192   _NMI_ISR
00008197   _PIE_RESERVED
0000819c   _RTOSINT_ISR
000081a1   _SCIRXINTA_ISR
000081a6   _SCITXINTA_ISR
000081ab   _SPIRXINTA_ISR
000081b0   _SPITXINTA_ISR
000081b5   _TINT0_ISR
000081ba   _USER10_ISR
000081bf   _USER11_ISR
000081c4   _USER12_ISR
000081c9   _USER1_ISR
000081ce   _USER2_ISR
000081d3   _USER3_ISR
000081d8   _USER4_ISR
000081dd   _USER5_ISR
000081e2   _USER6_ISR
000081e7   _USER7_ISR
000081ec   _USER8_ISR
000081f1   _USER9_ISR
000081f6   _WAKEINT_ISR
000081fb   _XINT1_ISR
00008200   _XINT2_ISR
00008205   _XINT3_ISR
0000820a   _rsvd_ISR
0000820f   _CPU_enableInt
00008213   _CPU_init
00008217   _CPU_clearIntFlags
0000821a   _CPU_disableGlobalInts
0000821d   _CPU_enableDebugInt
00008220   _CPU_enableGlobalInts
00008223   _PIE_disable
00008226   _PIE_enable
00008229   _PIE_enableTimer0Int
0000822c   _PLL_getClkStatus
0000822f   _PLL_getLockStatus
00008232   _TIMER_enableInt
00008235   _TIMER_reload
00008238   _TIMER_start
0000823b   _TIMER_stop
0000823e   _TIMER_setPeriod
00008240   ___cinit__
00008240   cinit
0000825a   _DSP28x_usDelay
0000825e   _test
ffffffff   .text
ffffffff   ___binit__
ffffffff   ___c_args__
ffffffff   ___etext__
ffffffff   ___pinit__
ffffffff   ___text__
ffffffff   binit
ffffffff   etext
ffffffff   pinit

[144 symbols]
